21:13:42 **** Build of configuration Debug for project lpc_board_nxp_lpcxpresso_1769 ****
make -r all 
Building file: ../src/board.c
Invoking: MCU C Compiler
arm-none-eabi-gcc -D__REDLIB__ -DDEBUG -D__CODE_RED -D__USE_LPCOPEN -DCORE_M3 -I"C:\Users\Martin\Desktop\Proyecto PES\Workspace Noise Canceller\lpc_chip_175x_6x\inc" -I"C:\Users\Martin\Desktop\Proyecto PES\Workspace Noise Canceller\lpc_board_nxp_lpcxpresso_1769\inc" -O0 -g3 -Wall -c -fmessage-length=0 -fno-builtin -ffunction-sections -fdata-sections -mcpu=cortex-m3 -mthumb -specs=redlib.specs -MMD -MP -MF"src/board.d" -MT"src/board.o" -MT"src/board.d" -o "src/board.o" "../src/board.c"
../src/board.c: In function 'Board_I2C_Init':
../src/board.c:267:2: warning: enumeration value 'I2C_NUM_INTERFACE' not handled in switch [-Wswitch]
  switch (id) {
  ^
Finished building: ../src/board.c
 
Building file: ../src/board_sysinit.c
Invoking: MCU C Compiler
arm-none-eabi-gcc -D__REDLIB__ -DDEBUG -D__CODE_RED -D__USE_LPCOPEN -DCORE_M3 -I"C:\Users\Martin\Desktop\Proyecto PES\Workspace Noise Canceller\lpc_chip_175x_6x\inc" -I"C:\Users\Martin\Desktop\Proyecto PES\Workspace Noise Canceller\lpc_board_nxp_lpcxpresso_1769\inc" -O0 -g3 -Wall -c -fmessage-length=0 -fno-builtin -ffunction-sections -fdata-sections -mcpu=cortex-m3 -mthumb -specs=redlib.specs -MMD -MP -MF"src/board_sysinit.d" -MT"src/board_sysinit.o" -MT"src/board_sysinit.d" -o "src/board_sysinit.o" "../src/board_sysinit.c"
Finished building: ../src/board_sysinit.c
 
Building file: ../src/lpc_phy_smsc87x0.c
Invoking: MCU C Compiler
arm-none-eabi-gcc -D__REDLIB__ -DDEBUG -D__CODE_RED -D__USE_LPCOPEN -DCORE_M3 -I"C:\Users\Martin\Desktop\Proyecto PES\Workspace Noise Canceller\lpc_chip_175x_6x\inc" -I"C:\Users\Martin\Desktop\Proyecto PES\Workspace Noise Canceller\lpc_board_nxp_lpcxpresso_1769\inc" -O0 -g3 -Wall -c -fmessage-length=0 -fno-builtin -ffunction-sections -fdata-sections -mcpu=cortex-m3 -mthumb -specs=redlib.specs -MMD -MP -MF"src/lpc_phy_smsc87x0.d" -MT"src/lpc_phy_smsc87x0.o" -MT"src/lpc_phy_smsc87x0.d" -o "src/lpc_phy_smsc87x0.o" "../src/lpc_phy_smsc87x0.c"
Finished building: ../src/lpc_phy_smsc87x0.c
 
Building target: liblpc_board_nxp_lpcxpresso_1769.a
Invoking: MCU Archiver
arm-none-eabi-ar -r  "liblpc_board_nxp_lpcxpresso_1769.a"  ./src/board.o ./src/board_sysinit.o ./src/lpc_phy_smsc87x0.o   
Finished building target: liblpc_board_nxp_lpcxpresso_1769.a
 
make --no-print-directory post-build
Performing post-build steps
arm-none-eabi-size "liblpc_board_nxp_lpcxpresso_1769.a" ; # arm-none-eabi-objdump -h -S "liblpc_board_nxp_lpcxpresso_1769.a" >"liblpc_board_nxp_lpcxpresso_1769.lss"
   text	   data	    bss	    dec	    hex	filename
   2229	      0	      0	   2229	    8b5	board.o (ex liblpc_board_nxp_lpcxpresso_1769.a)
    204	      0	      0	    204	     cc	board_sysinit.o (ex liblpc_board_nxp_lpcxpresso_1769.a)
    856	      0	     18	    874	    36a	lpc_phy_smsc87x0.o (ex liblpc_board_nxp_lpcxpresso_1769.a)
 
21:13:50 **** Build of configuration Debug for project lpc_chip_175x_6x ****
make -r all 
Building file: ../src/adc_17xx_40xx.c
Invoking: MCU C Compiler
arm-none-eabi-gcc -D__REDLIB__ -DDEBUG -D__CODE_RED -D__USE_LPCOPEN -DCORE_M3 -I"C:\Users\Martin\Desktop\Proyecto PES\Workspace Noise Canceller\lpc_chip_175x_6x\inc" -O0 -g3 -Wall -c -fmessage-length=0 -fno-builtin -ffunction-sections -fdata-sections -mcpu=cortex-m3 -mthumb -specs=redlib.specs -MMD -MP -MF"src/adc_17xx_40xx.d" -MT"src/adc_17xx_40xx.o" -MT"src/adc_17xx_40xx.d" -o "src/adc_17xx_40xx.o" "../src/adc_17xx_40xx.c"
Finished building: ../src/adc_17xx_40xx.c
 
Building file: ../src/can_17xx_40xx.c
Invoking: MCU C Compiler
arm-none-eabi-gcc -D__REDLIB__ -DDEBUG -D__CODE_RED -D__USE_LPCOPEN -DCORE_M3 -I"C:\Users\Martin\Desktop\Proyecto PES\Workspace Noise Canceller\lpc_chip_175x_6x\inc" -O0 -g3 -Wall -c -fmessage-length=0 -fno-builtin -ffunction-sections -fdata-sections -mcpu=cortex-m3 -mthumb -specs=redlib.specs -MMD -MP -MF"src/can_17xx_40xx.d" -MT"src/can_17xx_40xx.o" -MT"src/can_17xx_40xx.d" -o "src/can_17xx_40xx.o" "../src/can_17xx_40xx.c"
../src/can_17xx_40xx.c: In function 'Chip_CAN_Init':
../src/can_17xx_40xx.c:751:20: warning: variable 'i' set but not used [-Wunused-but-set-variable]
  volatile uint32_t i;
                    ^
Finished building: ../src/can_17xx_40xx.c
 
Building file: ../src/chip_17xx_40xx.c
Invoking: MCU C Compiler
arm-none-eabi-gcc -D__REDLIB__ -DDEBUG -D__CODE_RED -D__USE_LPCOPEN -DCORE_M3 -I"C:\Users\Martin\Desktop\Proyecto PES\Workspace Noise Canceller\lpc_chip_175x_6x\inc" -O0 -g3 -Wall -c -fmessage-length=0 -fno-builtin -ffunction-sections -fdata-sections -mcpu=cortex-m3 -mthumb -specs=redlib.specs -MMD -MP -MF"src/chip_17xx_40xx.d" -MT"src/chip_17xx_40xx.o" -MT"src/chip_17xx_40xx.d" -o "src/chip_17xx_40xx.o" "../src/chip_17xx_40xx.c"
Finished building: ../src/chip_17xx_40xx.c
 
Building file: ../src/clock_17xx_40xx.c
Invoking: MCU C Compiler
arm-none-eabi-gcc -D__REDLIB__ -DDEBUG -D__CODE_RED -D__USE_LPCOPEN -DCORE_M3 -I"C:\Users\Martin\Desktop\Proyecto PES\Workspace Noise Canceller\lpc_chip_175x_6x\inc" -O0 -g3 -Wall -c -fmessage-length=0 -fno-builtin -ffunction-sections -fdata-sections -mcpu=cortex-m3 -mthumb -specs=redlib.specs -MMD -MP -MF"src/clock_17xx_40xx.d" -MT"src/clock_17xx_40xx.o" -MT"src/clock_17xx_40xx.d" -o "src/clock_17xx_40xx.o" "../src/clock_17xx_40xx.c"
../src/clock_17xx_40xx.c: In function 'Chip_Clock_GetSYSCLKRate':
../src/clock_17xx_40xx.c:320:2: warning: enumeration value 'SYSCTL_PLLCLKSRC_RESERVED2' not handled in switch [-Wswitch]
  switch (Chip_Clock_GetMainPLLSource()) {
  ^
Finished building: ../src/clock_17xx_40xx.c
 
Building file: ../src/cmp_17xx_40xx.c
Invoking: MCU C Compiler
arm-none-eabi-gcc -D__REDLIB__ -DDEBUG -D__CODE_RED -D__USE_LPCOPEN -DCORE_M3 -I"C:\Users\Martin\Desktop\Proyecto PES\Workspace Noise Canceller\lpc_chip_175x_6x\inc" -O0 -g3 -Wall -c -fmessage-length=0 -fno-builtin -ffunction-sections -fdata-sections -mcpu=cortex-m3 -mthumb -specs=redlib.specs -MMD -MP -MF"src/cmp_17xx_40xx.d" -MT"src/cmp_17xx_40xx.o" -MT"src/cmp_17xx_40xx.d" -o "src/cmp_17xx_40xx.o" "../src/cmp_17xx_40xx.c"
Finished building: ../src/cmp_17xx_40xx.c
 
Building file: ../src/crc_17xx_40xx.c
Invoking: MCU C Compiler
arm-none-eabi-gcc -D__REDLIB__ -DDEBUG -D__CODE_RED -D__USE_LPCOPEN -DCORE_M3 -I"C:\Users\Martin\Desktop\Proyecto PES\Workspace Noise Canceller\lpc_chip_175x_6x\inc" -O0 -g3 -Wall -c -fmessage-length=0 -fno-builtin -ffunction-sections -fdata-sections -mcpu=cortex-m3 -mthumb -specs=redlib.specs -MMD -MP -MF"src/crc_17xx_40xx.d" -MT"src/crc_17xx_40xx.o" -MT"src/crc_17xx_40xx.d" -o "src/crc_17xx_40xx.o" "../src/crc_17xx_40xx.c"
Finished building: ../src/crc_17xx_40xx.c
 
Building file: ../src/dac_17xx_40xx.c
Invoking: MCU C Compiler
arm-none-eabi-gcc -D__REDLIB__ -DDEBUG -D__CODE_RED -D__USE_LPCOPEN -DCORE_M3 -I"C:\Users\Martin\Desktop\Proyecto PES\Workspace Noise Canceller\lpc_chip_175x_6x\inc" -O0 -g3 -Wall -c -fmessage-length=0 -fno-builtin -ffunction-sections -fdata-sections -mcpu=cortex-m3 -mthumb -specs=redlib.specs -MMD -MP -MF"src/dac_17xx_40xx.d" -MT"src/dac_17xx_40xx.o" -MT"src/dac_17xx_40xx.d" -o "src/dac_17xx_40xx.o" "../src/dac_17xx_40xx.c"
Finished building: ../src/dac_17xx_40xx.c
 
Building file: ../src/eeprom_17xx_40xx.c
Invoking: MCU C Compiler
arm-none-eabi-gcc -D__REDLIB__ -DDEBUG -D__CODE_RED -D__USE_LPCOPEN -DCORE_M3 -I"C:\Users\Martin\Desktop\Proyecto PES\Workspace Noise Canceller\lpc_chip_175x_6x\inc" -O0 -g3 -Wall -c -fmessage-length=0 -fno-builtin -ffunction-sections -fdata-sections -mcpu=cortex-m3 -mthumb -specs=redlib.specs -MMD -MP -MF"src/eeprom_17xx_40xx.d" -MT"src/eeprom_17xx_40xx.o" -MT"src/eeprom_17xx_40xx.d" -o "src/eeprom_17xx_40xx.o" "../src/eeprom_17xx_40xx.c"
Finished building: ../src/eeprom_17xx_40xx.c
 
Building file: ../src/emc_17xx_40xx.c
Invoking: MCU C Compiler
arm-none-eabi-gcc -D__REDLIB__ -DDEBUG -D__CODE_RED -D__USE_LPCOPEN -DCORE_M3 -I"C:\Users\Martin\Desktop\Proyecto PES\Workspace Noise Canceller\lpc_chip_175x_6x\inc" -O0 -g3 -Wall -c -fmessage-length=0 -fno-builtin -ffunction-sections -fdata-sections -mcpu=cortex-m3 -mthumb -specs=redlib.specs -MMD -MP -MF"src/emc_17xx_40xx.d" -MT"src/emc_17xx_40xx.o" -MT"src/emc_17xx_40xx.d" -o "src/emc_17xx_40xx.o" "../src/emc_17xx_40xx.c"
Finished building: ../src/emc_17xx_40xx.c
 
Building file: ../src/enet_17xx_40xx.c
Invoking: MCU C Compiler
arm-none-eabi-gcc -D__REDLIB__ -DDEBUG -D__CODE_RED -D__USE_LPCOPEN -DCORE_M3 -I"C:\Users\Martin\Desktop\Proyecto PES\Workspace Noise Canceller\lpc_chip_175x_6x\inc" -O0 -g3 -Wall -c -fmessage-length=0 -fno-builtin -ffunction-sections -fdata-sections -mcpu=cortex-m3 -mthumb -specs=redlib.specs -MMD -MP -MF"src/enet_17xx_40xx.d" -MT"src/enet_17xx_40xx.o" -MT"src/enet_17xx_40xx.d" -o "src/enet_17xx_40xx.o" "../src/enet_17xx_40xx.c"
Finished building: ../src/enet_17xx_40xx.c
 
Building file: ../src/gpdma_17xx_40xx.c
Invoking: MCU C Compiler
arm-none-eabi-gcc -D__REDLIB__ -DDEBUG -D__CODE_RED -D__USE_LPCOPEN -DCORE_M3 -I"C:\Users\Martin\Desktop\Proyecto PES\Workspace Noise Canceller\lpc_chip_175x_6x\inc" -O0 -g3 -Wall -c -fmessage-length=0 -fno-builtin -ffunction-sections -fdata-sections -mcpu=cortex-m3 -mthumb -specs=redlib.specs -MMD -MP -MF"src/gpdma_17xx_40xx.d" -MT"src/gpdma_17xx_40xx.o" -MT"src/gpdma_17xx_40xx.d" -o "src/gpdma_17xx_40xx.o" "../src/gpdma_17xx_40xx.c"
Finished building: ../src/gpdma_17xx_40xx.c
 
Building file: ../src/gpio_17xx_40xx.c
Invoking: MCU C Compiler
arm-none-eabi-gcc -D__REDLIB__ -DDEBUG -D__CODE_RED -D__USE_LPCOPEN -DCORE_M3 -I"C:\Users\Martin\Desktop\Proyecto PES\Workspace Noise Canceller\lpc_chip_175x_6x\inc" -O0 -g3 -Wall -c -fmessage-length=0 -fno-builtin -ffunction-sections -fdata-sections -mcpu=cortex-m3 -mthumb -specs=redlib.specs -MMD -MP -MF"src/gpio_17xx_40xx.d" -MT"src/gpio_17xx_40xx.o" -MT"src/gpio_17xx_40xx.d" -o "src/gpio_17xx_40xx.o" "../src/gpio_17xx_40xx.c"
Finished building: ../src/gpio_17xx_40xx.c
 
Building file: ../src/gpioint_17xx_40xx.c
Invoking: MCU C Compiler
arm-none-eabi-gcc -D__REDLIB__ -DDEBUG -D__CODE_RED -D__USE_LPCOPEN -DCORE_M3 -I"C:\Users\Martin\Desktop\Proyecto PES\Workspace Noise Canceller\lpc_chip_175x_6x\inc" -O0 -g3 -Wall -c -fmessage-length=0 -fno-builtin -ffunction-sections -fdata-sections -mcpu=cortex-m3 -mthumb -specs=redlib.specs -MMD -MP -MF"src/gpioint_17xx_40xx.d" -MT"src/gpioint_17xx_40xx.o" -MT"src/gpioint_17xx_40xx.d" -o "src/gpioint_17xx_40xx.o" "../src/gpioint_17xx_40xx.c"
Finished building: ../src/gpioint_17xx_40xx.c
 
Building file: ../src/i2c_17xx_40xx.c
Invoking: MCU C Compiler
arm-none-eabi-gcc -D__REDLIB__ -DDEBUG -D__CODE_RED -D__USE_LPCOPEN -DCORE_M3 -I"C:\Users\Martin\Desktop\Proyecto PES\Workspace Noise Canceller\lpc_chip_175x_6x\inc" -O0 -g3 -Wall -c -fmessage-length=0 -fno-builtin -ffunction-sections -fdata-sections -mcpu=cortex-m3 -mthumb -specs=redlib.specs -MMD -MP -MF"src/i2c_17xx_40xx.d" -MT"src/i2c_17xx_40xx.o" -MT"src/i2c_17xx_40xx.d" -o "src/i2c_17xx_40xx.o" "../src/i2c_17xx_40xx.c"
Finished building: ../src/i2c_17xx_40xx.c
 
Building file: ../src/i2s_17xx_40xx.c
Invoking: MCU C Compiler
arm-none-eabi-gcc -D__REDLIB__ -DDEBUG -D__CODE_RED -D__USE_LPCOPEN -DCORE_M3 -I"C:\Users\Martin\Desktop\Proyecto PES\Workspace Noise Canceller\lpc_chip_175x_6x\inc" -O0 -g3 -Wall -c -fmessage-length=0 -fno-builtin -ffunction-sections -fdata-sections -mcpu=cortex-m3 -mthumb -specs=redlib.specs -MMD -MP -MF"src/i2s_17xx_40xx.d" -MT"src/i2s_17xx_40xx.o" -MT"src/i2s_17xx_40xx.d" -o "src/i2s_17xx_40xx.o" "../src/i2s_17xx_40xx.c"
Finished building: ../src/i2s_17xx_40xx.c
 
Building file: ../src/iap.c
Invoking: MCU C Compiler
arm-none-eabi-gcc -D__REDLIB__ -DDEBUG -D__CODE_RED -D__USE_LPCOPEN -DCORE_M3 -I"C:\Users\Martin\Desktop\Proyecto PES\Workspace Noise Canceller\lpc_chip_175x_6x\inc" -O0 -g3 -Wall -c -fmessage-length=0 -fno-builtin -ffunction-sections -fdata-sections -mcpu=cortex-m3 -mthumb -specs=redlib.specs -MMD -MP -MF"src/iap.d" -MT"src/iap.o" -MT"src/iap.d" -o "src/iap.o" "../src/iap.c"
Finished building: ../src/iap.c
 
Building file: ../src/iocon_17xx_40xx.c
Invoking: MCU C Compiler
arm-none-eabi-gcc -D__REDLIB__ -DDEBUG -D__CODE_RED -D__USE_LPCOPEN -DCORE_M3 -I"C:\Users\Martin\Desktop\Proyecto PES\Workspace Noise Canceller\lpc_chip_175x_6x\inc" -O0 -g3 -Wall -c -fmessage-length=0 -fno-builtin -ffunction-sections -fdata-sections -mcpu=cortex-m3 -mthumb -specs=redlib.specs -MMD -MP -MF"src/iocon_17xx_40xx.d" -MT"src/iocon_17xx_40xx.o" -MT"src/iocon_17xx_40xx.d" -o "src/iocon_17xx_40xx.o" "../src/iocon_17xx_40xx.c"
Finished building: ../src/iocon_17xx_40xx.c
 
Building file: ../src/lcd_17xx_40xx.c
Invoking: MCU C Compiler
arm-none-eabi-gcc -D__REDLIB__ -DDEBUG -D__CODE_RED -D__USE_LPCOPEN -DCORE_M3 -I"C:\Users\Martin\Desktop\Proyecto PES\Workspace Noise Canceller\lpc_chip_175x_6x\inc" -O0 -g3 -Wall -c -fmessage-length=0 -fno-builtin -ffunction-sections -fdata-sections -mcpu=cortex-m3 -mthumb -specs=redlib.specs -MMD -MP -MF"src/lcd_17xx_40xx.d" -MT"src/lcd_17xx_40xx.o" -MT"src/lcd_17xx_40xx.d" -o "src/lcd_17xx_40xx.o" "../src/lcd_17xx_40xx.c"
Finished building: ../src/lcd_17xx_40xx.c
 
Building file: ../src/pmu_17xx_40xx.c
Invoking: MCU C Compiler
arm-none-eabi-gcc -D__REDLIB__ -DDEBUG -D__CODE_RED -D__USE_LPCOPEN -DCORE_M3 -I"C:\Users\Martin\Desktop\Proyecto PES\Workspace Noise Canceller\lpc_chip_175x_6x\inc" -O0 -g3 -Wall -c -fmessage-length=0 -fno-builtin -ffunction-sections -fdata-sections -mcpu=cortex-m3 -mthumb -specs=redlib.specs -MMD -MP -MF"src/pmu_17xx_40xx.d" -MT"src/pmu_17xx_40xx.o" -MT"src/pmu_17xx_40xx.d" -o "src/pmu_17xx_40xx.o" "../src/pmu_17xx_40xx.c"
Finished building: ../src/pmu_17xx_40xx.c
 
Building file: ../src/ring_buffer.c
Invoking: MCU C Compiler
arm-none-eabi-gcc -D__REDLIB__ -DDEBUG -D__CODE_RED -D__USE_LPCOPEN -DCORE_M3 -I"C:\Users\Martin\Desktop\Proyecto PES\Workspace Noise Canceller\lpc_chip_175x_6x\inc" -O0 -g3 -Wall -c -fmessage-length=0 -fno-builtin -ffunction-sections -fdata-sections -mcpu=cortex-m3 -mthumb -specs=redlib.specs -MMD -MP -MF"src/ring_buffer.d" -MT"src/ring_buffer.o" -MT"src/ring_buffer.d" -o "src/ring_buffer.o" "../src/ring_buffer.c"
Finished building: ../src/ring_buffer.c
 
Building file: ../src/ritimer_17xx_40xx.c
Invoking: MCU C Compiler
arm-none-eabi-gcc -D__REDLIB__ -DDEBUG -D__CODE_RED -D__USE_LPCOPEN -DCORE_M3 -I"C:\Users\Martin\Desktop\Proyecto PES\Workspace Noise Canceller\lpc_chip_175x_6x\inc" -O0 -g3 -Wall -c -fmessage-length=0 -fno-builtin -ffunction-sections -fdata-sections -mcpu=cortex-m3 -mthumb -specs=redlib.specs -MMD -MP -MF"src/ritimer_17xx_40xx.d" -MT"src/ritimer_17xx_40xx.o" -MT"src/ritimer_17xx_40xx.d" -o "src/ritimer_17xx_40xx.o" "../src/ritimer_17xx_40xx.c"
Finished building: ../src/ritimer_17xx_40xx.c
 
Building file: ../src/rtc_17xx_40xx.c
Invoking: MCU C Compiler
arm-none-eabi-gcc -D__REDLIB__ -DDEBUG -D__CODE_RED -D__USE_LPCOPEN -DCORE_M3 -I"C:\Users\Martin\Desktop\Proyecto PES\Workspace Noise Canceller\lpc_chip_175x_6x\inc" -O0 -g3 -Wall -c -fmessage-length=0 -fno-builtin -ffunction-sections -fdata-sections -mcpu=cortex-m3 -mthumb -specs=redlib.specs -MMD -MP -MF"src/rtc_17xx_40xx.d" -MT"src/rtc_17xx_40xx.o" -MT"src/rtc_17xx_40xx.d" -o "src/rtc_17xx_40xx.o" "../src/rtc_17xx_40xx.c"
Finished building: ../src/rtc_17xx_40xx.c
 
Building file: ../src/sdc_17xx_40xx.c
Invoking: MCU C Compiler
arm-none-eabi-gcc -D__REDLIB__ -DDEBUG -D__CODE_RED -D__USE_LPCOPEN -DCORE_M3 -I"C:\Users\Martin\Desktop\Proyecto PES\Workspace Noise Canceller\lpc_chip_175x_6x\inc" -O0 -g3 -Wall -c -fmessage-length=0 -fno-builtin -ffunction-sections -fdata-sections -mcpu=cortex-m3 -mthumb -specs=redlib.specs -MMD -MP -MF"src/sdc_17xx_40xx.d" -MT"src/sdc_17xx_40xx.o" -MT"src/sdc_17xx_40xx.d" -o "src/sdc_17xx_40xx.o" "../src/sdc_17xx_40xx.c"
Finished building: ../src/sdc_17xx_40xx.c
 
Building file: ../src/sdmmc_17xx_40xx.c
Invoking: MCU C Compiler
arm-none-eabi-gcc -D__REDLIB__ -DDEBUG -D__CODE_RED -D__USE_LPCOPEN -DCORE_M3 -I"C:\Users\Martin\Desktop\Proyecto PES\Workspace Noise Canceller\lpc_chip_175x_6x\inc" -O0 -g3 -Wall -c -fmessage-length=0 -fno-builtin -ffunction-sections -fdata-sections -mcpu=cortex-m3 -mthumb -specs=redlib.specs -MMD -MP -MF"src/sdmmc_17xx_40xx.d" -MT"src/sdmmc_17xx_40xx.o" -MT"src/sdmmc_17xx_40xx.d" -o "src/sdmmc_17xx_40xx.o" "../src/sdmmc_17xx_40xx.c"
Finished building: ../src/sdmmc_17xx_40xx.c
 
Building file: ../src/spi_17xx_40xx.c
Invoking: MCU C Compiler
arm-none-eabi-gcc -D__REDLIB__ -DDEBUG -D__CODE_RED -D__USE_LPCOPEN -DCORE_M3 -I"C:\Users\Martin\Desktop\Proyecto PES\Workspace Noise Canceller\lpc_chip_175x_6x\inc" -O0 -g3 -Wall -c -fmessage-length=0 -fno-builtin -ffunction-sections -fdata-sections -mcpu=cortex-m3 -mthumb -specs=redlib.specs -MMD -MP -MF"src/spi_17xx_40xx.d" -MT"src/spi_17xx_40xx.o" -MT"src/spi_17xx_40xx.d" -o "src/spi_17xx_40xx.o" "../src/spi_17xx_40xx.c"
../src/spi_17xx_40xx.c: In function 'Chip_SPI_Int_FlushData':
../src/spi_17xx_40xx.c:138:20: warning: variable 'tmp' set but not used [-Wunused-but-set-variable]
  volatile uint32_t tmp;
                    ^
Finished building: ../src/spi_17xx_40xx.c
 
Building file: ../src/ssp_17xx_40xx.c
Invoking: MCU C Compiler
arm-none-eabi-gcc -D__REDLIB__ -DDEBUG -D__CODE_RED -D__USE_LPCOPEN -DCORE_M3 -I"C:\Users\Martin\Desktop\Proyecto PES\Workspace Noise Canceller\lpc_chip_175x_6x\inc" -O0 -g3 -Wall -c -fmessage-length=0 -fno-builtin -ffunction-sections -fdata-sections -mcpu=cortex-m3 -mthumb -specs=redlib.specs -MMD -MP -MF"src/ssp_17xx_40xx.d" -MT"src/ssp_17xx_40xx.o" -MT"src/ssp_17xx_40xx.d" -o "src/ssp_17xx_40xx.o" "../src/ssp_17xx_40xx.c"
Finished building: ../src/ssp_17xx_40xx.c
 
Building file: ../src/stopwatch_17xx_40xx.c
Invoking: MCU C Compiler
arm-none-eabi-gcc -D__REDLIB__ -DDEBUG -D__CODE_RED -D__USE_LPCOPEN -DCORE_M3 -I"C:\Users\Martin\Desktop\Proyecto PES\Workspace Noise Canceller\lpc_chip_175x_6x\inc" -O0 -g3 -Wall -c -fmessage-length=0 -fno-builtin -ffunction-sections -fdata-sections -mcpu=cortex-m3 -mthumb -specs=redlib.specs -MMD -MP -MF"src/stopwatch_17xx_40xx.d" -MT"src/stopwatch_17xx_40xx.o" -MT"src/stopwatch_17xx_40xx.d" -o "src/stopwatch_17xx_40xx.o" "../src/stopwatch_17xx_40xx.c"
Finished building: ../src/stopwatch_17xx_40xx.c
 
Building file: ../src/sysctl_17xx_40xx.c
Invoking: MCU C Compiler
arm-none-eabi-gcc -D__REDLIB__ -DDEBUG -D__CODE_RED -D__USE_LPCOPEN -DCORE_M3 -I"C:\Users\Martin\Desktop\Proyecto PES\Workspace Noise Canceller\lpc_chip_175x_6x\inc" -O0 -g3 -Wall -c -fmessage-length=0 -fno-builtin -ffunction-sections -fdata-sections -mcpu=cortex-m3 -mthumb -specs=redlib.specs -MMD -MP -MF"src/sysctl_17xx_40xx.d" -MT"src/sysctl_17xx_40xx.o" -MT"src/sysctl_17xx_40xx.d" -o "src/sysctl_17xx_40xx.o" "../src/sysctl_17xx_40xx.c"
Finished building: ../src/sysctl_17xx_40xx.c
 
Building file: ../src/sysinit_17xx_40xx.c
Invoking: MCU C Compiler
arm-none-eabi-gcc -D__REDLIB__ -DDEBUG -D__CODE_RED -D__USE_LPCOPEN -DCORE_M3 -I"C:\Users\Martin\Desktop\Proyecto PES\Workspace Noise Canceller\lpc_chip_175x_6x\inc" -O0 -g3 -Wall -c -fmessage-length=0 -fno-builtin -ffunction-sections -fdata-sections -mcpu=cortex-m3 -mthumb -specs=redlib.specs -MMD -MP -MF"src/sysinit_17xx_40xx.d" -MT"src/sysinit_17xx_40xx.o" -MT"src/sysinit_17xx_40xx.d" -o "src/sysinit_17xx_40xx.o" "../src/sysinit_17xx_40xx.c"
Finished building: ../src/sysinit_17xx_40xx.c
 
Building file: ../src/timer_17xx_40xx.c
Invoking: MCU C Compiler
arm-none-eabi-gcc -D__REDLIB__ -DDEBUG -D__CODE_RED -D__USE_LPCOPEN -DCORE_M3 -I"C:\Users\Martin\Desktop\Proyecto PES\Workspace Noise Canceller\lpc_chip_175x_6x\inc" -O0 -g3 -Wall -c -fmessage-length=0 -fno-builtin -ffunction-sections -fdata-sections -mcpu=cortex-m3 -mthumb -specs=redlib.specs -MMD -MP -MF"src/timer_17xx_40xx.d" -MT"src/timer_17xx_40xx.o" -MT"src/timer_17xx_40xx.d" -o "src/timer_17xx_40xx.o" "../src/timer_17xx_40xx.c"
Finished building: ../src/timer_17xx_40xx.c
 
Building file: ../src/uart_17xx_40xx.c
Invoking: MCU C Compiler
arm-none-eabi-gcc -D__REDLIB__ -DDEBUG -D__CODE_RED -D__USE_LPCOPEN -DCORE_M3 -I"C:\Users\Martin\Desktop\Proyecto PES\Workspace Noise Canceller\lpc_chip_175x_6x\inc" -O0 -g3 -Wall -c -fmessage-length=0 -fno-builtin -ffunction-sections -fdata-sections -mcpu=cortex-m3 -mthumb -specs=redlib.specs -MMD -MP -MF"src/uart_17xx_40xx.d" -MT"src/uart_17xx_40xx.o" -MT"src/uart_17xx_40xx.d" -o "src/uart_17xx_40xx.o" "../src/uart_17xx_40xx.c"
Finished building: ../src/uart_17xx_40xx.c
 
Building file: ../src/wwdt_17xx_40xx.c
Invoking: MCU C Compiler
arm-none-eabi-gcc -D__REDLIB__ -DDEBUG -D__CODE_RED -D__USE_LPCOPEN -DCORE_M3 -I"C:\Users\Martin\Desktop\Proyecto PES\Workspace Noise Canceller\lpc_chip_175x_6x\inc" -O0 -g3 -Wall -c -fmessage-length=0 -fno-builtin -ffunction-sections -fdata-sections -mcpu=cortex-m3 -mthumb -specs=redlib.specs -MMD -MP -MF"src/wwdt_17xx_40xx.d" -MT"src/wwdt_17xx_40xx.o" -MT"src/wwdt_17xx_40xx.d" -o "src/wwdt_17xx_40xx.o" "../src/wwdt_17xx_40xx.c"
Finished building: ../src/wwdt_17xx_40xx.c
 
Building target: liblpc_chip_175x_6x.a
Invoking: MCU Archiver
arm-none-eabi-ar -r  "liblpc_chip_175x_6x.a"  ./src/adc_17xx_40xx.o ./src/can_17xx_40xx.o ./src/chip_17xx_40xx.o ./src/clock_17xx_40xx.o ./src/cmp_17xx_40xx.o ./src/crc_17xx_40xx.o ./src/dac_17xx_40xx.o ./src/eeprom_17xx_40xx.o ./src/emc_17xx_40xx.o ./src/enet_17xx_40xx.o ./src/gpdma_17xx_40xx.o ./src/gpio_17xx_40xx.o ./src/gpioint_17xx_40xx.o ./src/i2c_17xx_40xx.o ./src/i2s_17xx_40xx.o ./src/iap.o ./src/iocon_17xx_40xx.o ./src/lcd_17xx_40xx.o ./src/pmu_17xx_40xx.o ./src/ring_buffer.o ./src/ritimer_17xx_40xx.o ./src/rtc_17xx_40xx.o ./src/sdc_17xx_40xx.o ./src/sdmmc_17xx_40xx.o ./src/spi_17xx_40xx.o ./src/ssp_17xx_40xx.o ./src/stopwatch_17xx_40xx.o ./src/sysctl_17xx_40xx.o ./src/sysinit_17xx_40xx.o ./src/timer_17xx_40xx.o ./src/uart_17xx_40xx.o ./src/wwdt_17xx_40xx.o   
Finished building target: liblpc_chip_175x_6x.a
 
make --no-print-directory post-build
Performing post-build steps
arm-none-eabi-size "liblpc_chip_175x_6x.a" ; # arm-none-eabi-objdump -h -S "liblpc_chip_175x_6x.a" >"liblpc_chip_175x_6x.lss"
   text	   data	    bss	    dec	    hex	filename
    936	      0	      0	    936	    3a8	adc_17xx_40xx.o (ex liblpc_chip_175x_6x.a)
   8660	      0	      0	   8660	   21d4	can_17xx_40xx.o (ex liblpc_chip_175x_6x.a)
    172	      0	      0	    172	     ac	chip_17xx_40xx.o (ex liblpc_chip_175x_6x.a)
   1600	      0	      0	   1600	    640	clock_17xx_40xx.o (ex liblpc_chip_175x_6x.a)
      0	      0	      0	      0	      0	cmp_17xx_40xx.o (ex liblpc_chip_175x_6x.a)
      0	      0	      0	      0	      0	crc_17xx_40xx.o (ex liblpc_chip_175x_6x.a)
    144	      0	      0	    144	     90	dac_17xx_40xx.o (ex liblpc_chip_175x_6x.a)
      0	      0	      0	      0	      0	eeprom_17xx_40xx.o (ex liblpc_chip_175x_6x.a)
      0	      0	      0	      0	      0	emc_17xx_40xx.o (ex liblpc_chip_175x_6x.a)
   1103	      0	      4	   1107	    453	enet_17xx_40xx.o (ex liblpc_chip_175x_6x.a)
   2248	     96	      8	   2352	    930	gpdma_17xx_40xx.o (ex liblpc_chip_175x_6x.a)
      0	      0	      0	      0	      0	gpio_17xx_40xx.o (ex liblpc_chip_175x_6x.a)
      0	      0	      0	      0	      0	gpioint_17xx_40xx.o (ex liblpc_chip_175x_6x.a)
   3615	     84	    120	   3819	    eeb	i2c_17xx_40xx.o (ex liblpc_chip_175x_6x.a)
   1460	      0	      0	   1460	    5b4	i2s_17xx_40xx.o (ex liblpc_chip_175x_6x.a)
    560	      0	      0	    560	    230	iap.o (ex liblpc_chip_175x_6x.a)
    304	      0	      0	    304	    130	iocon_17xx_40xx.o (ex liblpc_chip_175x_6x.a)
      0	      0	      0	      0	      0	lcd_17xx_40xx.o (ex liblpc_chip_175x_6x.a)
    264	      0	      0	    264	    108	pmu_17xx_40xx.o (ex liblpc_chip_175x_6x.a)
    972	      0	      0	    972	    3cc	ring_buffer.o (ex liblpc_chip_175x_6x.a)
    240	      0	      0	    240	     f0	ritimer_17xx_40xx.o (ex liblpc_chip_175x_6x.a)
    752	      0	      0	    752	    2f0	rtc_17xx_40xx.o (ex liblpc_chip_175x_6x.a)
      0	      0	      0	      0	      0	sdc_17xx_40xx.o (ex liblpc_chip_175x_6x.a)
      0	      0	      0	      0	      0	sdmmc_17xx_40xx.o (ex liblpc_chip_175x_6x.a)
   1056	      0	      0	   1056	    420	spi_17xx_40xx.o (ex liblpc_chip_175x_6x.a)
   2280	      0	      0	   2280	    8e8	ssp_17xx_40xx.o (ex liblpc_chip_175x_6x.a)
    368	      0	     12	    380	    17c	stopwatch_17xx_40xx.o (ex liblpc_chip_175x_6x.a)
     44	      0	      0	     44	     2c	sysctl_17xx_40xx.o (ex liblpc_chip_175x_6x.a)
    472	      0	      0	    472	    1d8	sysinit_17xx_40xx.o (ex liblpc_chip_175x_6x.a)
    316	      0	      0	    316	    13c	timer_17xx_40xx.o (ex liblpc_chip_175x_6x.a)
   2300	      0	      1	   2301	    8fd	uart_17xx_40xx.o (ex liblpc_chip_175x_6x.a)
     96	      0	      0	     96	     60	wwdt_17xx_40xx.o (ex liblpc_chip_175x_6x.a)
 
21:14:06 **** Build of configuration Debug for project Noise_Canceller ****
make -r all 
Building file: ../src/Noise_Canceller.c
Invoking: MCU C Compiler
arm-none-eabi-gcc -DDEBUG -D__CODE_RED -DCORE_M3 -D__USE_LPCOPEN -D__LPC17XX__ -D__REDLIB__ -I"C:\Users\Martin\Desktop\Proyecto PES\Workspace Noise Canceller\lpc_board_nxp_lpcxpresso_1769\inc" -I"C:\Users\Martin\Desktop\Proyecto PES\Workspace Noise Canceller\lpc_chip_175x_6x\inc" -O0 -fno-common -g3 -Wall -c -fmessage-length=0 -fno-builtin -ffunction-sections -fdata-sections -mcpu=cortex-m3 -mthumb -specs=redlib.specs -MMD -MP -MF"src/Noise_Canceller.d" -MT"src/Noise_Canceller.o" -MT"src/Noise_Canceller.d" -o "src/Noise_Canceller.o" "../src/Noise_Canceller.c"
../src/Noise_Canceller.c: In function 'DAC_Config':
../src/Noise_Canceller.c:74:14: warning: variable 'dacClk' set but not used [-Wunused-but-set-variable]
     uint32_t dacClk;
              ^
Finished building: ../src/Noise_Canceller.c
 
Building file: ../src/sysinit.c
Invoking: MCU C Compiler
arm-none-eabi-gcc -DDEBUG -D__CODE_RED -DCORE_M3 -D__USE_LPCOPEN -D__LPC17XX__ -D__REDLIB__ -I"C:\Users\Martin\Desktop\Proyecto PES\Workspace Noise Canceller\lpc_board_nxp_lpcxpresso_1769\inc" -I"C:\Users\Martin\Desktop\Proyecto PES\Workspace Noise Canceller\lpc_chip_175x_6x\inc" -O0 -fno-common -g3 -Wall -c -fmessage-length=0 -fno-builtin -ffunction-sections -fdata-sections -mcpu=cortex-m3 -mthumb -specs=redlib.specs -MMD -MP -MF"src/sysinit.d" -MT"src/sysinit.o" -MT"src/sysinit.d" -o "src/sysinit.o" "../src/sysinit.c"
Finished building: ../src/sysinit.c
 
Building target: Noise_Canceller.axf
Invoking: MCU Linker
arm-none-eabi-gcc -nostdlib -L"C:\Users\Martin\Desktop\Proyecto PES\Workspace Noise Canceller\lpc_board_nxp_lpcxpresso_1769\Debug" -L"C:\Users\Martin\Desktop\Proyecto PES\Workspace Noise Canceller\lpc_chip_175x_6x\Debug" -Xlinker -Map="Noise_Canceller.map" -Xlinker --gc-sections -Xlinker -print-memory-usage -mcpu=cortex-m3 -mthumb -T "Noise_Canceller_Debug.ld" -o "Noise_Canceller.axf"  ./src/Noise_Canceller.o ./src/cr_startup_lpc175x_6x.o ./src/crp.o ./src/sysinit.o   -llpc_board_nxp_lpcxpresso_1769 -llpc_chip_175x_6x
Memory region         Used Size  Region Size  %age Used
       MFlash512:        6040 B       512 KB      1.15%
        RamLoc32:         100 B        32 KB      0.31%
        RamAHB32:          0 GB        32 KB      0.00%
Finished building target: Noise_Canceller.axf
 
make --no-print-directory post-build
Performing post-build steps
arm-none-eabi-size "Noise_Canceller.axf"; # arm-none-eabi-objcopy -v -O binary "Noise_Canceller.axf" "Noise_Canceller.bin" ; # checksum -p LPC1769 -d "Noise_Canceller.bin";
   text	   data	    bss	    dec	    hex	filename
   6040	      0	    100	   6140	   17fc	Noise_Canceller.axf
 
21:15:40 **** Incremental Build of configuration Debug for project Noise_Canceller ****
make -r all 
make: Nothing to be done for `all'.
21:21:51 **** Incremental Build of configuration Debug for project Noise_Canceller ****
make -r all 
Building target: Noise_Canceller.axf
Invoking: MCU Linker
arm-none-eabi-gcc -nostdlib -L"C:\Users\Martin\Desktop\Proyecto PES\Workspace Noise Canceller\lpc_board_nxp_lpcxpresso_1769\Debug" -L"C:\Users\Martin\Desktop\Proyecto PES\Workspace Noise Canceller\lpc_chip_175x_6x\Debug" -Xlinker -Map="Noise_Canceller.map" -Xlinker --gc-sections -Xlinker -print-memory-usage -mcpu=cortex-m3 -mthumb -T "Noise_Canceller_Debug.ld" -o "Noise_Canceller.axf"  ./src/Noise_Canceller.o ./src/cr_startup_lpc175x_6x.o ./src/crp.o ./src/sysinit.o   -llpc_board_nxp_lpcxpresso_1769 -llpc_chip_175x_6x
Memory region         Used Size  Region Size  %age Used
       MFlash512:        6040 B       512 KB      1.15%
        RamLoc32:         100 B        32 KB      0.31%
        RamAHB32:          0 GB        32 KB      0.00%
Finished building target: Noise_Canceller.axf
 
make --no-print-directory post-build
Performing post-build steps
arm-none-eabi-size "Noise_Canceller.axf"; # arm-none-eabi-objcopy -v -O binary "Noise_Canceller.axf" "Noise_Canceller.bin" ; # checksum -p LPC1769 -d "Noise_Canceller.bin";
   text	   data	    bss	    dec	    hex	filename
   6040	      0	    100	   6140	   17fc	Noise_Canceller.axf
 
