21:21:51 **** Incremental Build of configuration Debug for project Noise_Canceller ****
make -r all 
Building target: Noise_Canceller.axf
Invoking: MCU Linker
arm-none-eabi-gcc -nostdlib -L"C:\Users\Martin\Desktop\Proyecto PES\Workspace Noise Canceller\lpc_board_nxp_lpcxpresso_1769\Debug" -L"C:\Users\Martin\Desktop\Proyecto PES\Workspace Noise Canceller\lpc_chip_175x_6x\Debug" -Xlinker -Map="Noise_Canceller.map" -Xlinker --gc-sections -Xlinker -print-memory-usage -mcpu=cortex-m3 -mthumb -T "Noise_Canceller_Debug.ld" -o "Noise_Canceller.axf"  ./src/Noise_Canceller.o ./src/cr_startup_lpc175x_6x.o ./src/crp.o ./src/sysinit.o   -llpc_board_nxp_lpcxpresso_1769 -llpc_chip_175x_6x
Memory region         Used Size  Region Size  %age Used
       MFlash512:        6040 B       512 KB      1.15%
        RamLoc32:         100 B        32 KB      0.31%
        RamAHB32:          0 GB        32 KB      0.00%
Finished building target: Noise_Canceller.axf
 
make --no-print-directory post-build
Performing post-build steps
arm-none-eabi-size "Noise_Canceller.axf"; # arm-none-eabi-objcopy -v -O binary "Noise_Canceller.axf" "Noise_Canceller.bin" ; # checksum -p LPC1769 -d "Noise_Canceller.bin";
   text	   data	    bss	    dec	    hex	filename
   6040	      0	    100	   6140	   17fc	Noise_Canceller.axf
 

21:21:52 Build Finished (took 1s.205ms)

