Archive member included to satisfy reference by file (symbol)

C:\Users\Martin\Desktop\Proyecto PES\Workspace Noise Canceller\lpc_board_nxp_lpcxpresso_1769\Debug\liblpc_board_nxp_lpcxpresso_1769.a(board.o)
                              ./src/Noise_Canceller.o (Board_LED_Set)
C:\Users\Martin\Desktop\Proyecto PES\Workspace Noise Canceller\lpc_board_nxp_lpcxpresso_1769\Debug\liblpc_board_nxp_lpcxpresso_1769.a(board_sysinit.o)
                              ./src/sysinit.o (Board_SystemInit)
C:\Users\Martin\Desktop\Proyecto PES\Workspace Noise Canceller\lpc_chip_175x_6x\Debug\liblpc_chip_175x_6x.a(adc_17xx_40xx.o)
                              ./src/Noise_Canceller.o (Chip_ADC_Init)
C:\Users\Martin\Desktop\Proyecto PES\Workspace Noise Canceller\lpc_chip_175x_6x\Debug\liblpc_chip_175x_6x.a(chip_17xx_40xx.o)
                              ./src/Noise_Canceller.o (SystemCoreClockUpdate)
C:\Users\Martin\Desktop\Proyecto PES\Workspace Noise Canceller\lpc_chip_175x_6x\Debug\liblpc_chip_175x_6x.a(clock_17xx_40xx.o)
                              C:\Users\Martin\Desktop\Proyecto PES\Workspace Noise Canceller\lpc_chip_175x_6x\Debug\liblpc_chip_175x_6x.a(chip_17xx_40xx.o) (Chip_Clock_EnablePLL)
C:\Users\Martin\Desktop\Proyecto PES\Workspace Noise Canceller\lpc_chip_175x_6x\Debug\liblpc_chip_175x_6x.a(dac_17xx_40xx.o)
                              ./src/Noise_Canceller.o (Chip_DAC_Init)
C:\Users\Martin\Desktop\Proyecto PES\Workspace Noise Canceller\lpc_chip_175x_6x\Debug\liblpc_chip_175x_6x.a(i2s_17xx_40xx.o)
                              C:\Users\Martin\Desktop\Proyecto PES\Workspace Noise Canceller\lpc_board_nxp_lpcxpresso_1769\Debug\liblpc_board_nxp_lpcxpresso_1769.a(board.o) (Chip_I2S_Init)
C:\Users\Martin\Desktop\Proyecto PES\Workspace Noise Canceller\lpc_chip_175x_6x\Debug\liblpc_chip_175x_6x.a(iocon_17xx_40xx.o)
                              ./src/Noise_Canceller.o (Chip_IOCON_PinMux)
C:\Users\Martin\Desktop\Proyecto PES\Workspace Noise Canceller\lpc_chip_175x_6x\Debug\liblpc_chip_175x_6x.a(sysinit_17xx_40xx.o)
                              C:\Users\Martin\Desktop\Proyecto PES\Workspace Noise Canceller\lpc_board_nxp_lpcxpresso_1769\Debug\liblpc_board_nxp_lpcxpresso_1769.a(board_sysinit.o) (Chip_SetupXtalClocking)
C:\Users\Martin\Desktop\Proyecto PES\Workspace Noise Canceller\lpc_chip_175x_6x\Debug\liblpc_chip_175x_6x.a(uart_17xx_40xx.o)
                              C:\Users\Martin\Desktop\Proyecto PES\Workspace Noise Canceller\lpc_board_nxp_lpcxpresso_1769\Debug\liblpc_board_nxp_lpcxpresso_1769.a(board.o) (Chip_UART_Init)
C:\Users\Martin\Desktop\Proyecto PES\Workspace Noise Canceller\lpc_chip_175x_6x\Debug\liblpc_chip_175x_6x.a(ring_buffer.o)
                              C:\Users\Martin\Desktop\Proyecto PES\Workspace Noise Canceller\lpc_chip_175x_6x\Debug\liblpc_chip_175x_6x.a(uart_17xx_40xx.o) (RingBuffer_Insert)
c:/nxp/lpcxpresso_8.2.2_650/lpcxpresso/tools/bin/../lib/gcc/arm-none-eabi/5.4.1/../../../../arm-none-eabi/lib/armv7-m\libcr_c.a(memcpy.o)
                              C:\Users\Martin\Desktop\Proyecto PES\Workspace Noise Canceller\lpc_board_nxp_lpcxpresso_1769\Debug\liblpc_board_nxp_lpcxpresso_1769.a(board.o) (memcpy)
c:/nxp/lpcxpresso_8.2.2_650/lpcxpresso/tools/bin/../lib/gcc/arm-none-eabi/5.4.1/../../../../arm-none-eabi/lib/armv7-m\libcr_c.a(__weak__main.o)
                              ./src/cr_startup_lpc175x_6x.o (__main)
c:/nxp/lpcxpresso_8.2.2_650/lpcxpresso/tools/bin/../lib/gcc/arm-none-eabi/5.4.1/armv7-m\libcr_eabihelpers.a(division_64.o)
                              C:\Users\Martin\Desktop\Proyecto PES\Workspace Noise Canceller\lpc_chip_175x_6x\Debug\liblpc_chip_175x_6x.a(i2s_17xx_40xx.o) (__aeabi_uldivmod)
c:/nxp/lpcxpresso_8.2.2_650/lpcxpresso/tools/bin/../lib/gcc/arm-none-eabi/5.4.1/armv7-m\libcr_eabihelpers.a(division_idiv0.o)
                              c:/nxp/lpcxpresso_8.2.2_650/lpcxpresso/tools/bin/../lib/gcc/arm-none-eabi/5.4.1/armv7-m\libcr_eabihelpers.a(division_64.o) (__aeabi_idiv0)
c:/nxp/lpcxpresso_8.2.2_650/lpcxpresso/tools/bin/../lib/gcc/arm-none-eabi/5.4.1/armv7-m\libcr_eabihelpers.a(float.o)
                              ./src/Noise_Canceller.o (__aeabi_fmul)
c:/nxp/lpcxpresso_8.2.2_650/lpcxpresso/tools/bin/../lib/gcc/arm-none-eabi/5.4.1/armv7-m\libcr_eabihelpers.a(memcpy.o)
                              c:/nxp/lpcxpresso_8.2.2_650/lpcxpresso/tools/bin/../lib/gcc/arm-none-eabi/5.4.1/../../../../arm-none-eabi/lib/armv7-m\libcr_c.a(memcpy.o) (__aeabi_memcpy)

Allocating common symbols
Common symbol       size              file

SystemCoreClock     0x4               C:\Users\Martin\Desktop\Proyecto PES\Workspace Noise Canceller\lpc_chip_175x_6x\Debug\liblpc_chip_175x_6x.a(chip_17xx_40xx.o)

Discarded input sections

 .group         0x00000000        0x8 ./src/Noise_Canceller.o
 .group         0x00000000        0x8 ./src/Noise_Canceller.o
 .group         0x00000000        0x8 ./src/Noise_Canceller.o
 .group         0x00000000        0x8 ./src/Noise_Canceller.o
[...]
Memory Configuration

Name             Origin             Length             Attributes
MFlash512        0x00000000         0x00080000         xr
RamLoc32         0x10000000         0x00008000         xrw
RamAHB32         0x2007c000         0x00008000         xrw
*default*        0x00000000         0xffffffff

Linker script and memory map

LOAD ./src/Noise_Canceller.o
LOAD ./src/cr_startup_lpc175x_6x.o
LOAD ./src/crp.o
LOAD ./src/sysinit.o
LOAD C:\Users\Martin\Desktop\Proyecto PES\Workspace Noise Canceller\lpc_board_nxp_lpcxpresso_1769\Debug\liblpc_board_nxp_lpcxpresso_1769.a
LOAD C:\Users\Martin\Desktop\Proyecto PES\Workspace Noise Canceller\lpc_chip_175x_6x\Debug\liblpc_chip_175x_6x.a
START GROUP
LOAD c:/nxp/lpcxpresso_8.2.2_650/lpcxpresso/tools/bin/../lib/gcc/arm-none-eabi/5.4.1/../../../../arm-none-eabi/lib/armv7-m\libcr_c.a
LOAD c:/nxp/lpcxpresso_8.2.2_650/lpcxpresso/tools/bin/../lib/gcc/arm-none-eabi/5.4.1/armv7-m\libcr_eabihelpers.a
END GROUP
                0x00000000                __base_MFlash512 = 0x0
                0x00000000                __base_Flash = 0x0
                0x00080000                __top_MFlash512 = 0x80000
                0x00080000                __top_Flash = 0x80000
                0x10000000                __base_RamLoc32 = 0x10000000
                0x10000000                __base_RAM = 0x10000000
                0x10008000                __top_RamLoc32 = 0x10008000
                0x10008000                __top_RAM = 0x10008000
                0x2007c000                __base_RamAHB32 = 0x2007c000
                0x2007c000                __base_RAM2 = 0x2007c000
                0x20084000                __top_RamAHB32 = 0x20084000
                0x20084000                __top_RAM2 = 0x20084000

.text           0x00000000     0x1798
 FILL mask 0xff
                0x00000000                __vectors_start__ = ABSOLUTE (.)
 *(.isr_vector)
 .isr_vector    0x00000000       0xcc ./src/cr_startup_lpc175x_6x.o
                0x00000000                g_pfnVectors
                0x000000cc                . = ALIGN (0x4)
                0x000000cc                __section_table_start = .
                0x000000cc                __data_section_table = .
                0x000000cc        0x4 LONG 0x1798 LOADADDR (.data)
                0x000000d0        0x4 LONG 0x10000000 ADDR (.data)
                0x000000d4        0x4 LONG 0x0 SIZEOF (.data)
                0x000000d8        0x4 LONG 0x1798 LOADADDR (.data_RAM2)
                0x000000dc        0x4 LONG 0x2007c000 ADDR (.data_RAM2)
                0x000000e0        0x4 LONG 0x0 SIZEOF (.data_RAM2)
                0x000000e4                __data_section_table_end = .
                0x000000e4                __bss_section_table = .
                0x000000e4        0x4 LONG 0x10000000 ADDR (.bss)
                0x000000e8        0x4 LONG 0x64 SIZEOF (.bss)
                0x000000ec        0x4 LONG 0x2007c000 ADDR (.bss_RAM2)
                0x000000f0        0x4 LONG 0x0 SIZEOF (.bss_RAM2)
                0x000000f4                __bss_section_table_end = .
                0x000000f4                __section_table_end = .
 *(.after_vectors*)
 .after_vectors
                0x000000f4      0x144 ./src/cr_startup_lpc175x_6x.o
                0x000000f4                data_init
                0x00000138                bss_init
                0x00000170                ResetISR
                0x000001e8                NMI_Handler
                0x000001f0                HardFault_Handler
                0x000001f8                MemManage_Handler
                0x00000200                BusFault_Handler
                0x00000208                UsageFault_Handler
                0x00000210                SVC_Handler
                0x00000218                DebugMon_Handler
                0x00000220                PendSV_Handler
                0x00000228                SysTick_Handler
                0x00000230                EINT3_IRQHandler
                0x00000230                CANActivity_IRQHandler
                0x00000230                TIMER3_IRQHandler
                0x00000230                UART0_IRQHandler
                0x00000230                UART1_IRQHandler
                0x00000230                EINT2_IRQHandler
                0x00000230                USBActivity_IRQHandler
                0x00000230                IntDefaultHandler
                0x00000230                PLL0_IRQHandler
                0x00000230                I2C0_IRQHandler
                0x00000230                I2C1_IRQHandler
                0x00000230                SSP0_IRQHandler
                0x00000230                I2S_IRQHandler
                0x00000230                I2C2_IRQHandler
                0x00000230                RTC_IRQHandler
                0x00000230                TIMER0_IRQHandler
                0x00000230                SPI_IRQHandler
                0x00000230                RIT_IRQHandler
                0x00000230                EINT1_IRQHandler
                0x00000230                TIMER1_IRQHandler
                0x00000230                UART2_IRQHandler
                0x00000230                SSP1_IRQHandler
                0x00000230                USB_IRQHandler
                0x00000230                BOD_IRQHandler
                0x00000230                PLL1_IRQHandler
                0x00000230                WDT_IRQHandler
                0x00000230                PWM1_IRQHandler
                0x00000230                QEI_IRQHandler
                0x00000230                EINT0_IRQHandler
                0x00000230                ETH_IRQHandler
                0x00000230                CAN_IRQHandler
                0x00000230                DMA_IRQHandler
                0x00000230                TIMER2_IRQHandler
                0x00000230                UART3_IRQHandler
                0x00000230                MCPWM_IRQHandler
                0x000002fc                . = 0x2fc
 *fill*         0x00000238       0xc4 ff
                0x000002fc                PROVIDE (__CRP_WORD_START__, .)
 *(.crp)
 .crp           0x000002fc        0x4 ./src/crp.o
                0x000002fc                CRP_WORD
                0x00000300                PROVIDE (__CRP_WORD_END__, .)
                0x00000001                ASSERT (! ((__CRP_WORD_START__ == __CRP_WORD_END__)), Linker CRP Enabled, but no CRP_WORD provided within application)
 *(.text*)
 .text.NVIC_EnableIRQ
                0x00000300       0x30 ./src/Noise_Canceller.o
 .text.Chip_DAC_ConfigDAConverterControl
                0x00000330       0x28 ./src/Noise_Canceller.o
 .text.Chip_DAC_SetDMATimeOut
                0x00000358       0x1c ./src/Noise_Canceller.o
 .text.LMS      0x00000374       0xf8 ./src/Noise_Canceller.o
                0x00000374                LMS
 .text.Pins_Config
                0x0000046c       0x40 ./src/Noise_Canceller.o
                0x0000046c                Pins_Config
 .text.Interrupts_Config
                0x000004ac       0x10 ./src/Noise_Canceller.o
                0x000004ac                Interrupts_Config
 .text.DAC_Config
                0x000004bc       0x3c ./src/Noise_Canceller.o
                0x000004bc                DAC_Config
 .text.ADC_Config
                0x000004f8       0x38 ./src/Noise_Canceller.o
                0x000004f8                ADC_Config
 .text.ADC_Enable
                0x00000530       0x14 ./src/Noise_Canceller.o
                0x00000530                ADC_Enable
 .text.ADC_IRQHandler
                0x00000544       0x90 ./src/Noise_Canceller.o
                0x00000544                ADC_IRQHandler
 .text.main     0x000005d4       0x2c ./src/Noise_Canceller.o
                0x000005d4                main
 .text.SystemInit
                0x00000600       0x24 ./src/sysinit.o
                0x00000600                SystemInit
 .text.Chip_IOCON_Init
                0x00000624       0x18 C:\Users\Martin\Desktop\Proyecto PES\Workspace Noise Canceller\lpc_board_nxp_lpcxpresso_1769\Debug\liblpc_board_nxp_lpcxpresso_1769.a(board.o)
 .text.Chip_GPIO_Init
                0x0000063c       0x18 C:\Users\Martin\Desktop\Proyecto PES\Workspace Noise Canceller\lpc_board_nxp_lpcxpresso_1769\Debug\liblpc_board_nxp_lpcxpresso_1769.a(board.o)
 .text.Chip_GPIO_SetPinState
                0x00000654       0x68 C:\Users\Martin\Desktop\Proyecto PES\Workspace Noise Canceller\lpc_board_nxp_lpcxpresso_1769\Debug\liblpc_board_nxp_lpcxpresso_1769.a(board.o)
 .text.Chip_GPIO_WritePortBit
                0x000006bc       0x2c C:\Users\Martin\Desktop\Proyecto PES\Workspace Noise Canceller\lpc_board_nxp_lpcxpresso_1769\Debug\liblpc_board_nxp_lpcxpresso_1769.a(board.o)
 .text.Chip_GPIO_SetPinDIROutput
                0x000006e8       0x38 C:\Users\Martin\Desktop\Proyecto PES\Workspace Noise Canceller\lpc_board_nxp_lpcxpresso_1769\Debug\liblpc_board_nxp_lpcxpresso_1769.a(board.o)
 .text.Chip_GPIO_SetPinDIRInput
                0x00000720       0x3c C:\Users\Martin\Desktop\Proyecto PES\Workspace Noise Canceller\lpc_board_nxp_lpcxpresso_1769\Debug\liblpc_board_nxp_lpcxpresso_1769.a(board.o)
 .text.Chip_GPIO_SetPinDIR
                0x0000075c       0x44 C:\Users\Martin\Desktop\Proyecto PES\Workspace Noise Canceller\lpc_board_nxp_lpcxpresso_1769\Debug\liblpc_board_nxp_lpcxpresso_1769.a(board.o)
 .text.Chip_GPIO_WriteDirBit
                0x000007a0       0x30 C:\Users\Martin\Desktop\Proyecto PES\Workspace Noise Canceller\lpc_board_nxp_lpcxpresso_1769\Debug\liblpc_board_nxp_lpcxpresso_1769.a(board.o)
 .text.Chip_UART_ConfigData
                0x000007d0       0x1c C:\Users\Martin\Desktop\Proyecto PES\Workspace Noise Canceller\lpc_board_nxp_lpcxpresso_1769\Debug\liblpc_board_nxp_lpcxpresso_1769.a(board.o)
 .text.Board_LED_Init
                0x000007ec       0x18 C:\Users\Martin\Desktop\Proyecto PES\Workspace Noise Canceller\lpc_board_nxp_lpcxpresso_1769\Debug\liblpc_board_nxp_lpcxpresso_1769.a(board.o)
 .text.Board_UART_Init
                0x00000804       0x14 C:\Users\Martin\Desktop\Proyecto PES\Workspace Noise Canceller\lpc_board_nxp_lpcxpresso_1769\Debug\liblpc_board_nxp_lpcxpresso_1769.a(board.o)
                0x00000804                Board_UART_Init
 .text.Board_Debug_Init
                0x00000818       0x30 C:\Users\Martin\Desktop\Proyecto PES\Workspace Noise Canceller\lpc_board_nxp_lpcxpresso_1769\Debug\liblpc_board_nxp_lpcxpresso_1769.a(board.o)
                0x00000818                Board_Debug_Init
 .text.Board_LED_Set
                0x00000848       0x30 C:\Users\Martin\Desktop\Proyecto PES\Workspace Noise Canceller\lpc_board_nxp_lpcxpresso_1769\Debug\liblpc_board_nxp_lpcxpresso_1769.a(board.o)
                0x00000848                Board_LED_Set
 .text.Board_Init
                0x00000878       0x24 C:\Users\Martin\Desktop\Proyecto PES\Workspace Noise Canceller\lpc_board_nxp_lpcxpresso_1769\Debug\liblpc_board_nxp_lpcxpresso_1769.a(board.o)
                0x00000878                Board_Init
 .text.Chip_SYSCTL_SetFLASHAccess
                0x0000089c       0x30 C:\Users\Martin\Desktop\Proyecto PES\Workspace Noise Canceller\lpc_board_nxp_lpcxpresso_1769\Debug\liblpc_board_nxp_lpcxpresso_1769.a(board_sysinit.o)
 .text.Board_SetupMuxing
                0x000008cc       0x1c C:\Users\Martin\Desktop\Proyecto PES\Workspace Noise Canceller\lpc_board_nxp_lpcxpresso_1769\Debug\liblpc_board_nxp_lpcxpresso_1769.a(board_sysinit.o)
                0x000008cc                Board_SetupMuxing
 .text.Board_SetupClocking
                0x000008e8       0x14 C:\Users\Martin\Desktop\Proyecto PES\Workspace Noise Canceller\lpc_board_nxp_lpcxpresso_1769\Debug\liblpc_board_nxp_lpcxpresso_1769.a(board_sysinit.o)
                0x000008e8                Board_SetupClocking
 .text.Board_SystemInit
                0x000008fc       0x10 C:\Users\Martin\Desktop\Proyecto PES\Workspace Noise Canceller\lpc_board_nxp_lpcxpresso_1769\Debug\liblpc_board_nxp_lpcxpresso_1769.a(board_sysinit.o)
                0x000008fc                Board_SystemInit
 .text.getFullConvClk
                0x0000090c       0x10 C:\Users\Martin\Desktop\Proyecto PES\Workspace Noise Canceller\lpc_chip_175x_6x\Debug\liblpc_chip_175x_6x.a(adc_17xx_40xx.o)
 .text.getClkDiv
                0x0000091c       0x4c C:\Users\Martin\Desktop\Proyecto PES\Workspace Noise Canceller\lpc_chip_175x_6x\Debug\liblpc_chip_175x_6x.a(adc_17xx_40xx.o)
 .text.setStartMode
                0x00000968       0x2c C:\Users\Martin\Desktop\Proyecto PES\Workspace Noise Canceller\lpc_chip_175x_6x\Debug\liblpc_chip_175x_6x.a(adc_17xx_40xx.o)
                0x00000968                setStartMode
 .text.Chip_ADC_Init
                0x00000994       0x74 C:\Users\Martin\Desktop\Proyecto PES\Workspace Noise Canceller\lpc_chip_175x_6x\Debug\liblpc_chip_175x_6x.a(adc_17xx_40xx.o)
                0x00000994                Chip_ADC_Init
 .text.Chip_ADC_Int_SetChannelCmd
                0x00000a08       0x48 C:\Users\Martin\Desktop\Proyecto PES\Workspace Noise Canceller\lpc_chip_175x_6x\Debug\liblpc_chip_175x_6x.a(adc_17xx_40xx.o)
                0x00000a08                Chip_ADC_Int_SetChannelCmd
 .text.Chip_ADC_EnableChannel
                0x00000a50       0x54 C:\Users\Martin\Desktop\Proyecto PES\Workspace Noise Canceller\lpc_chip_175x_6x\Debug\liblpc_chip_175x_6x.a(adc_17xx_40xx.o)
                0x00000a50                Chip_ADC_EnableChannel
 .text.Chip_ADC_SetBurstCmd
                0x00000aa4       0x3c C:\Users\Martin\Desktop\Proyecto PES\Workspace Noise Canceller\lpc_chip_175x_6x\Debug\liblpc_chip_175x_6x.a(adc_17xx_40xx.o)
                0x00000aa4                Chip_ADC_SetBurstCmd
 .text.SystemCoreClockUpdate
                0x00000ae0       0x18 C:\Users\Martin\Desktop\Proyecto PES\Workspace Noise Canceller\lpc_chip_175x_6x\Debug\liblpc_chip_175x_6x.a(chip_17xx_40xx.o)
                0x00000ae0                SystemCoreClockUpdate
 .text.Chip_Clock_IsMainPLLEnabled
                0x00000af8       0x24 C:\Users\Martin\Desktop\Proyecto PES\Workspace Noise Canceller\lpc_chip_175x_6x\Debug\liblpc_chip_175x_6x.a(clock_17xx_40xx.o)
 .text.Chip_Clock_IsMainPLLConnected
                0x00000b1c       0x24 C:\Users\Martin\Desktop\Proyecto PES\Workspace Noise Canceller\lpc_chip_175x_6x\Debug\liblpc_chip_175x_6x.a(clock_17xx_40xx.o)
 .text.Chip_Clock_FeedPLL
                0x00000b40       0x34 C:\Users\Martin\Desktop\Proyecto PES\Workspace Noise Canceller\lpc_chip_175x_6x\Debug\liblpc_chip_175x_6x.a(clock_17xx_40xx.o)
 .text.Chip_Clock_GetMainPLLSource
                0x00000b74       0x20 C:\Users\Martin\Desktop\Proyecto PES\Workspace Noise Canceller\lpc_chip_175x_6x\Debug\liblpc_chip_175x_6x.a(clock_17xx_40xx.o)
 .text.Chip_Clock_GetMainOscRate
                0x00000b94       0x14 C:\Users\Martin\Desktop\Proyecto PES\Workspace Noise Canceller\lpc_chip_175x_6x\Debug\liblpc_chip_175x_6x.a(clock_17xx_40xx.o)
 .text.Chip_Clock_GetIntOscRate
                0x00000ba8       0x14 C:\Users\Martin\Desktop\Proyecto PES\Workspace Noise Canceller\lpc_chip_175x_6x\Debug\liblpc_chip_175x_6x.a(clock_17xx_40xx.o)
 .text.Chip_Clock_GetRTCOscRate
                0x00000bbc       0x14 C:\Users\Martin\Desktop\Proyecto PES\Workspace Noise Canceller\lpc_chip_175x_6x\Debug\liblpc_chip_175x_6x.a(clock_17xx_40xx.o)
 .text.Chip_Clock_GetMainPLLInClockRate
                0x00000bd0       0x10 C:\Users\Martin\Desktop\Proyecto PES\Workspace Noise Canceller\lpc_chip_175x_6x\Debug\liblpc_chip_175x_6x.a(clock_17xx_40xx.o)
 .text.Chip_Clock_EnablePLL
                0x00000be0       0x44 C:\Users\Martin\Desktop\Proyecto PES\Workspace Noise Canceller\lpc_chip_175x_6x\Debug\liblpc_chip_175x_6x.a(clock_17xx_40xx.o)
                0x00000be0                Chip_Clock_EnablePLL
 .text.Chip_Clock_DisablePLL
                0x00000c24       0x48 C:\Users\Martin\Desktop\Proyecto PES\Workspace Noise Canceller\lpc_chip_175x_6x\Debug\liblpc_chip_175x_6x.a(clock_17xx_40xx.o)
                0x00000c24                Chip_Clock_DisablePLL
 .text.Chip_Clock_SetupPLL
                0x00000c6c       0x5c C:\Users\Martin\Desktop\Proyecto PES\Workspace Noise Canceller\lpc_chip_175x_6x\Debug\liblpc_chip_175x_6x.a(clock_17xx_40xx.o)
                0x00000c6c                Chip_Clock_SetupPLL
 .text.Chip_Clock_EnablePeriphClock
                0x00000cc8       0x34 C:\Users\Martin\Desktop\Proyecto PES\Workspace Noise Canceller\lpc_chip_175x_6x\Debug\liblpc_chip_175x_6x.a(clock_17xx_40xx.o)
                0x00000cc8                Chip_Clock_EnablePeriphClock
 .text.Chip_Clock_GetCPUClockSource
                0x00000cfc       0x24 C:\Users\Martin\Desktop\Proyecto PES\Workspace Noise Canceller\lpc_chip_175x_6x\Debug\liblpc_chip_175x_6x.a(clock_17xx_40xx.o)
                0x00000cfc                Chip_Clock_GetCPUClockSource
 .text.Chip_Clock_SetCPUClockDiv
                0x00000d20       0x20 C:\Users\Martin\Desktop\Proyecto PES\Workspace Noise Canceller\lpc_chip_175x_6x\Debug\liblpc_chip_175x_6x.a(clock_17xx_40xx.o)
                0x00000d20                Chip_Clock_SetCPUClockDiv
 .text.Chip_Clock_GetCPUClockDiv
                0x00000d40       0x1c C:\Users\Martin\Desktop\Proyecto PES\Workspace Noise Canceller\lpc_chip_175x_6x\Debug\liblpc_chip_175x_6x.a(clock_17xx_40xx.o)
                0x00000d40                Chip_Clock_GetCPUClockDiv
 .text.Chip_Clock_SetPCLKDiv
                0x00000d5c       0x64 C:\Users\Martin\Desktop\Proyecto PES\Workspace Noise Canceller\lpc_chip_175x_6x\Debug\liblpc_chip_175x_6x.a(clock_17xx_40xx.o)
                0x00000d5c                Chip_Clock_SetPCLKDiv
 .text.Chip_Clock_GetPCLKDiv
                0x00000dc0       0x8c C:\Users\Martin\Desktop\Proyecto PES\Workspace Noise Canceller\lpc_chip_175x_6x\Debug\liblpc_chip_175x_6x.a(clock_17xx_40xx.o)
                0x00000dc0                Chip_Clock_GetPCLKDiv
 .text.Chip_Clock_GetSYSCLKRate
                0x00000e4c       0x34 C:\Users\Martin\Desktop\Proyecto PES\Workspace Noise Canceller\lpc_chip_175x_6x\Debug\liblpc_chip_175x_6x.a(clock_17xx_40xx.o)
                0x00000e4c                Chip_Clock_GetSYSCLKRate
 .text.Chip_Clock_GetMainPLLOutClockRate
                0x00000e80       0x54 C:\Users\Martin\Desktop\Proyecto PES\Workspace Noise Canceller\lpc_chip_175x_6x\Debug\liblpc_chip_175x_6x.a(clock_17xx_40xx.o)
                0x00000e80                Chip_Clock_GetMainPLLOutClockRate
 .text.Chip_Clock_GetMainClockRate
                0x00000ed4       0x28 C:\Users\Martin\Desktop\Proyecto PES\Workspace Noise Canceller\lpc_chip_175x_6x\Debug\liblpc_chip_175x_6x.a(clock_17xx_40xx.o)
                0x00000ed4                Chip_Clock_GetMainClockRate
 .text.Chip_Clock_GetSystemClockRate
                0x00000efc       0x18 C:\Users\Martin\Desktop\Proyecto PES\Workspace Noise Canceller\lpc_chip_175x_6x\Debug\liblpc_chip_175x_6x.a(clock_17xx_40xx.o)
                0x00000efc                Chip_Clock_GetSystemClockRate
 .text.Chip_Clock_GetPeripheralClockRate
                0x00000f14       0x28 C:\Users\Martin\Desktop\Proyecto PES\Workspace Noise Canceller\lpc_chip_175x_6x\Debug\liblpc_chip_175x_6x.a(clock_17xx_40xx.o)
                0x00000f14                Chip_Clock_GetPeripheralClockRate
 .text.Chip_DAC_Init
                0x00000f3c       0x18 C:\Users\Martin\Desktop\Proyecto PES\Workspace Noise Canceller\lpc_chip_175x_6x\Debug\liblpc_chip_175x_6x.a(dac_17xx_40xx.o)
                0x00000f3c                Chip_DAC_Init
 .text.Chip_DAC_UpdateValue
                0x00000f54       0x30 C:\Users\Martin\Desktop\Proyecto PES\Workspace Noise Canceller\lpc_chip_175x_6x\Debug\liblpc_chip_175x_6x.a(dac_17xx_40xx.o)
                0x00000f54                Chip_DAC_UpdateValue
 .text.Chip_DAC_SetBias
                0x00000f84       0x34 C:\Users\Martin\Desktop\Proyecto PES\Workspace Noise Canceller\lpc_chip_175x_6x\Debug\liblpc_chip_175x_6x.a(dac_17xx_40xx.o)
                0x00000f84                Chip_DAC_SetBias
 .text.Chip_IOCON_PinMuxSet
                0x00000fb8       0x38 C:\Users\Martin\Desktop\Proyecto PES\Workspace Noise Canceller\lpc_chip_175x_6x\Debug\liblpc_chip_175x_6x.a(iocon_17xx_40xx.o)
                0x00000fb8                Chip_IOCON_PinMuxSet
 .text.Chip_IOCON_PinMux
                0x00000ff0       0x94 C:\Users\Martin\Desktop\Proyecto PES\Workspace Noise Canceller\lpc_chip_175x_6x\Debug\liblpc_chip_175x_6x.a(iocon_17xx_40xx.o)
                0x00000ff0                Chip_IOCON_PinMux
 .text.Chip_IOCON_SetPinMuxing
                0x00001084       0x64 C:\Users\Martin\Desktop\Proyecto PES\Workspace Noise Canceller\lpc_chip_175x_6x\Debug\liblpc_chip_175x_6x.a(iocon_17xx_40xx.o)
                0x00001084                Chip_IOCON_SetPinMuxing
 .text.Chip_Clock_IsMainPLLEnabled
                0x000010e8       0x24 C:\Users\Martin\Desktop\Proyecto PES\Workspace Noise Canceller\lpc_chip_175x_6x\Debug\liblpc_chip_175x_6x.a(sysinit_17xx_40xx.o)
 .text.Chip_Clock_IsMainPLLLocked
                0x0000110c       0x24 C:\Users\Martin\Desktop\Proyecto PES\Workspace Noise Canceller\lpc_chip_175x_6x\Debug\liblpc_chip_175x_6x.a(sysinit_17xx_40xx.o)
 .text.Chip_Clock_IsMainPLLConnected
                0x00001130       0x24 C:\Users\Martin\Desktop\Proyecto PES\Workspace Noise Canceller\lpc_chip_175x_6x\Debug\liblpc_chip_175x_6x.a(sysinit_17xx_40xx.o)
 .text.Chip_Clock_EnableCrystal
                0x00001154       0x20 C:\Users\Martin\Desktop\Proyecto PES\Workspace Noise Canceller\lpc_chip_175x_6x\Debug\liblpc_chip_175x_6x.a(sysinit_17xx_40xx.o)
 .text.Chip_Clock_IsCrystalEnabled
                0x00001174       0x24 C:\Users\Martin\Desktop\Proyecto PES\Workspace Noise Canceller\lpc_chip_175x_6x\Debug\liblpc_chip_175x_6x.a(sysinit_17xx_40xx.o)
 .text.Chip_Clock_SetMainPLLSource
                0x00001198       0x20 C:\Users\Martin\Desktop\Proyecto PES\Workspace Noise Canceller\lpc_chip_175x_6x\Debug\liblpc_chip_175x_6x.a(sysinit_17xx_40xx.o)
 .text.Chip_SetupXtalClocking
                0x000011b8       0x90 C:\Users\Martin\Desktop\Proyecto PES\Workspace Noise Canceller\lpc_chip_175x_6x\Debug\liblpc_chip_175x_6x.a(sysinit_17xx_40xx.o)
                0x000011b8                Chip_SetupXtalClocking
 .text.Chip_UART_SetupFIFOS
                0x00001248       0x1c C:\Users\Martin\Desktop\Proyecto PES\Workspace Noise Canceller\lpc_chip_175x_6x\Debug\liblpc_chip_175x_6x.a(uart_17xx_40xx.o)
 .text.Chip_UART_ConfigData
                0x00001264       0x1c C:\Users\Martin\Desktop\Proyecto PES\Workspace Noise Canceller\lpc_chip_175x_6x\Debug\liblpc_chip_175x_6x.a(uart_17xx_40xx.o)
 .text.Chip_UART_EnableDivisorAccess
                0x00001280       0x20 C:\Users\Martin\Desktop\Proyecto PES\Workspace Noise Canceller\lpc_chip_175x_6x\Debug\liblpc_chip_175x_6x.a(uart_17xx_40xx.o)
 .text.Chip_UART_DisableDivisorAccess
                0x000012a0       0x20 C:\Users\Martin\Desktop\Proyecto PES\Workspace Noise Canceller\lpc_chip_175x_6x\Debug\liblpc_chip_175x_6x.a(uart_17xx_40xx.o)
 .text.Chip_UART_SetDivisorLatches
                0x000012c0       0x28 C:\Users\Martin\Desktop\Proyecto PES\Workspace Noise Canceller\lpc_chip_175x_6x\Debug\liblpc_chip_175x_6x.a(uart_17xx_40xx.o)
 .text.Chip_UART_GetClockIndex
                0x000012e8       0x50 C:\Users\Martin\Desktop\Proyecto PES\Workspace Noise Canceller\lpc_chip_175x_6x\Debug\liblpc_chip_175x_6x.a(uart_17xx_40xx.o)
 .text.Chip_UART_GetClkIndex
                0x00001338       0x50 C:\Users\Martin\Desktop\Proyecto PES\Workspace Noise Canceller\lpc_chip_175x_6x\Debug\liblpc_chip_175x_6x.a(uart_17xx_40xx.o)
 .text.Chip_UART_Init
                0x00001388       0x78 C:\Users\Martin\Desktop\Proyecto PES\Workspace Noise Canceller\lpc_chip_175x_6x\Debug\liblpc_chip_175x_6x.a(uart_17xx_40xx.o)
                0x00001388                Chip_UART_Init
 .text.Chip_UART_TXEnable
                0x00001400       0x18 C:\Users\Martin\Desktop\Proyecto PES\Workspace Noise Canceller\lpc_chip_175x_6x\Debug\liblpc_chip_175x_6x.a(uart_17xx_40xx.o)
                0x00001400                Chip_UART_TXEnable
 .text.Chip_UART_TXDisable
                0x00001418       0x18 C:\Users\Martin\Desktop\Proyecto PES\Workspace Noise Canceller\lpc_chip_175x_6x\Debug\liblpc_chip_175x_6x.a(uart_17xx_40xx.o)
                0x00001418                Chip_UART_TXDisable
 .text.Chip_UART_SetBaud
                0x00001430       0x64 C:\Users\Martin\Desktop\Proyecto PES\Workspace Noise Canceller\lpc_chip_175x_6x\Debug\liblpc_chip_175x_6x.a(uart_17xx_40xx.o)
                0x00001430                Chip_UART_SetBaud
 .text.__weak_main
                0x00001494        0x4 c:/nxp/lpcxpresso_8.2.2_650/lpcxpresso/tools/bin/../lib/gcc/arm-none-eabi/5.4.1/../../../../arm-none-eabi/lib/armv7-m\libcr_c.a(__weak__main.o)
                0x00001494                __weak_main
                0x00001494                __main
 .text.__aeabi_fmul
                0x00001498       0xb0 c:/nxp/lpcxpresso_8.2.2_650/lpcxpresso/tools/bin/../lib/gcc/arm-none-eabi/5.4.1/armv7-m\libcr_eabihelpers.a(float.o)
                0x00001498                __aeabi_fmul
 .text.__aeabi_fsub
                0x00001548       0xe0 c:/nxp/lpcxpresso_8.2.2_650/lpcxpresso/tools/bin/../lib/gcc/arm-none-eabi/5.4.1/armv7-m\libcr_eabihelpers.a(float.o)
                0x00001548                __aeabi_fsub
 .text.__aeabi_fadd
                0x00001628       0xac c:/nxp/lpcxpresso_8.2.2_650/lpcxpresso/tools/bin/../lib/gcc/arm-none-eabi/5.4.1/armv7-m\libcr_eabihelpers.a(float.o)
                0x00001628                __aeabi_fadd
 .text.__aeabi_f2uiz
                0x000016d4       0x28 c:/nxp/lpcxpresso_8.2.2_650/lpcxpresso/tools/bin/../lib/gcc/arm-none-eabi/5.4.1/armv7-m\libcr_eabihelpers.a(float.o)
                0x000016d4                __aeabi_f2uiz
 .text.__bhs_ui2f
                0x000016fc       0x26 c:/nxp/lpcxpresso_8.2.2_650/lpcxpresso/tools/bin/../lib/gcc/arm-none-eabi/5.4.1/armv7-m\libcr_eabihelpers.a(float.o)
                0x000016fc                __bhs_ui2f
 .text.__aeabi_i2f
                0x00001722       0x10 c:/nxp/lpcxpresso_8.2.2_650/lpcxpresso/tools/bin/../lib/gcc/arm-none-eabi/5.4.1/armv7-m\libcr_eabihelpers.a(float.o)
                0x00001722                __aeabi_i2f
 *(.rodata .rodata.* .constdata .constdata.*)
 *fill*         0x00001732        0x2 ff
 .rodata.OscRateIn
                0x00001734        0x4 C:\Users\Martin\Desktop\Proyecto PES\Workspace Noise Canceller\lpc_board_nxp_lpcxpresso_1769\Debug\liblpc_board_nxp_lpcxpresso_1769.a(board.o)
                0x00001734                OscRateIn
 .rodata.RTCOscRateIn
                0x00001738        0x4 C:\Users\Martin\Desktop\Proyecto PES\Workspace Noise Canceller\lpc_board_nxp_lpcxpresso_1769\Debug\liblpc_board_nxp_lpcxpresso_1769.a(board.o)
                0x00001738                RTCOscRateIn
 .rodata.pinmuxing
                0x0000173c       0x5c C:\Users\Martin\Desktop\Proyecto PES\Workspace Noise Canceller\lpc_board_nxp_lpcxpresso_1769\Debug\liblpc_board_nxp_lpcxpresso_1769.a(board_sysinit.o)
                0x00001798                . = ALIGN (0x4)

.glue_7         0x00001798        0x0
 .glue_7        0x00001798        0x0 linker stubs

.glue_7t        0x00001798        0x0
 .glue_7t       0x00001798        0x0 linker stubs

.vfp11_veneer   0x00001798        0x0
 .vfp11_veneer  0x00001798        0x0 linker stubs

.v4_bx          0x00001798        0x0
 .v4_bx         0x00001798        0x0 linker stubs

.iplt           0x00001798        0x0
 .iplt          0x00001798        0x0 ./src/Noise_Canceller.o

.rel.dyn        0x00001798        0x0
 .rel.iplt      0x00001798        0x0 ./src/Noise_Canceller.o

.ARM.extab
 *(.ARM.extab* .gnu.linkonce.armextab.*)
                0x00001798                __exidx_start = .

.ARM.exidx
 *(.ARM.exidx* .gnu.linkonce.armexidx.*)
                0x00001798                __exidx_end = .
                0x00001798                _etext = .

.data_RAM2      0x2007c000        0x0 load address 0x00001798
 FILL mask 0xff
                [!provide]                PROVIDE (__start_data_RAM2, .)
 *(.ramfunc.$RAM2)
 *(.ramfunc.$RamAHB32)
 *(.data.$RAM2*)
 *(.data.$RamAHB32*)
                0x2007c000                . = ALIGN (0x4)
                [!provide]                PROVIDE (__end_data_RAM2, .)

.uninit_RESERVED
                0x10000000        0x0
 *(.bss.$RESERVED*)
                0x10000000                . = ALIGN (0x4)
                0x10000000                _end_uninit_RESERVED = .

.data           0x10000000        0x0 load address 0x00001798
 FILL mask 0xff
                0x10000000                _data = .
 *(vtable)
 *(.ramfunc*)
 *(.data*)
                0x10000000                . = ALIGN (0x4)
                0x10000000                _edata = .

.igot.plt       0x10000000        0x0 load address 0x00001798
 .igot.plt      0x10000000        0x0 ./src/Noise_Canceller.o

.bss_RAM2       0x2007c000        0x0
                [!provide]                PROVIDE (__start_bss_RAM2, .)
 *(.bss.$RAM2*)
 *(.bss.$RamAHB32*)
                0x2007c000                . = ALIGN ((. != 0x0)?0x4:0x1)
                [!provide]                PROVIDE (__end_bss_RAM2, .)

.bss            0x10000000       0x64
                0x10000000                _bss = .
 *(.bss*)
 .bss.ADCSetup  0x10000000        0x8 ./src/Noise_Canceller.o
 .bss.tmp       0x10000008        0x4 ./src/Noise_Canceller.o
                0x10000008                tmp
 .bss.dats1     0x1000000c        0x2 ./src/Noise_Canceller.o
                0x1000000c                dats1
 .bss.dats2     0x1000000e        0x2 ./src/Noise_Canceller.o
                0x1000000e                dats2
 .bss.k         0x10000010       0x28 ./src/Noise_Canceller.o
                0x10000010                k
 .bss.buffern   0x10000038       0x28 ./src/Noise_Canceller.o
                0x10000038                buffern
 *(COMMON)
 COMMON         0x10000060        0x4 C:\Users\Martin\Desktop\Proyecto PES\Workspace Noise Canceller\lpc_chip_175x_6x\Debug\liblpc_chip_175x_6x.a(chip_17xx_40xx.o)
                0x10000060                SystemCoreClock
                0x10000064                . = ALIGN (0x4)
                0x10000064                _ebss = .
                [!provide]                PROVIDE (end, .)

.noinit_RAM2    0x2007c000        0x0
 *(.noinit.$RAM2*)
 *(.noinit.$RamAHB32*)
                0x2007c000                . = ALIGN (0x4)

.noinit         0x10000064        0x0
                0x10000064                _noinit = .
 *(.noinit*)
                0x10000064                . = ALIGN (0x4)
                0x10000064                _end_noinit = .
                [!provide]                PROVIDE (_pvHeapStart, DEFINED (__user_heap_base)?__user_heap_base:.)
                0x10008000                PROVIDE (_vStackTop, DEFINED (__user_stack_top)?__user_stack_top:(__top_RamLoc32 - 0x0))
                0xefff74b2                PROVIDE (__valid_user_code_checksum, (0x0 - ((((((_vStackTop + (ResetISR + 0x1)) + (NMI_Handler + 0x1)) + (HardFault_Handler + 0x1)) + (DEFINED (MemManage_Handler)?MemManage_Handler:0x0 + 0x1)) + (DEFINED (BusFault_Handler)?BusFault_Handler:0x0 + 0x1)) + (DEFINED (UsageFault_Handler)?UsageFault_Handler:0x0 + 0x1))))
OUTPUT(Noise_Canceller.axf elf32-littlearm)

.debug_info     0x00000000     0x571c
 .debug_info    0x00000000      0x92d ./src/Noise_Canceller.o
 .debug_info    0x0000092d      0x253 ./src/cr_startup_lpc175x_6x.o
 .debug_info    0x00000b80       0x3f ./src/crp.o
 .debug_info    0x00000bbf      0x110 ./src/sysinit.o
 .debug_info    0x00000ccf     0x13d3 C:\Users\Martin\Desktop\Proyecto PES\Workspace Noise Canceller\lpc_board_nxp_lpcxpresso_1769\Debug\liblpc_board_nxp_lpcxpresso_1769.a(board.o)
 .debug_info    0x000020a2      0x591 C:\Users\Martin\Desktop\Proyecto PES\Workspace Noise Canceller\lpc_board_nxp_lpcxpresso_1769\Debug\liblpc_board_nxp_lpcxpresso_1769.a(board_sysinit.o)
 .debug_info    0x00002633      0x88d C:\Users\Martin\Desktop\Proyecto PES\Workspace Noise Canceller\lpc_chip_175x_6x\Debug\liblpc_chip_175x_6x.a(adc_17xx_40xx.o)
 .debug_info    0x00002ec0      0x51e C:\Users\Martin\Desktop\Proyecto PES\Workspace Noise Canceller\lpc_chip_175x_6x\Debug\liblpc_chip_175x_6x.a(chip_17xx_40xx.o)
 .debug_info    0x000033de      0xb62 C:\Users\Martin\Desktop\Proyecto PES\Workspace Noise Canceller\lpc_chip_175x_6x\Debug\liblpc_chip_175x_6x.a(clock_17xx_40xx.o)
 .debug_info    0x00003f40      0x1e0 C:\Users\Martin\Desktop\Proyecto PES\Workspace Noise Canceller\lpc_chip_175x_6x\Debug\liblpc_chip_175x_6x.a(dac_17xx_40xx.o)
 .debug_info    0x00004120      0x2e9 C:\Users\Martin\Desktop\Proyecto PES\Workspace Noise Canceller\lpc_chip_175x_6x\Debug\liblpc_chip_175x_6x.a(iocon_17xx_40xx.o)
 .debug_info    0x00004409      0x439 C:\Users\Martin\Desktop\Proyecto PES\Workspace Noise Canceller\lpc_chip_175x_6x\Debug\liblpc_chip_175x_6x.a(sysinit_17xx_40xx.o)
 .debug_info    0x00004842      0xeda C:\Users\Martin\Desktop\Proyecto PES\Workspace Noise Canceller\lpc_chip_175x_6x\Debug\liblpc_chip_175x_6x.a(uart_17xx_40xx.o)

.debug_abbrev   0x00000000     0x156e
 .debug_abbrev  0x00000000      0x25a ./src/Noise_Canceller.o
 .debug_abbrev  0x0000025a       0xf5 ./src/cr_startup_lpc175x_6x.o
 .debug_abbrev  0x0000034f       0x36 ./src/crp.o
 .debug_abbrev  0x00000385       0xa3 ./src/sysinit.o
 .debug_abbrev  0x00000428      0x379 C:\Users\Martin\Desktop\Proyecto PES\Workspace Noise Canceller\lpc_board_nxp_lpcxpresso_1769\Debug\liblpc_board_nxp_lpcxpresso_1769.a(board.o)
 .debug_abbrev  0x000007a1      0x15c C:\Users\Martin\Desktop\Proyecto PES\Workspace Noise Canceller\lpc_board_nxp_lpcxpresso_1769\Debug\liblpc_board_nxp_lpcxpresso_1769.a(board_sysinit.o)
 .debug_abbrev  0x000008fd      0x1bc C:\Users\Martin\Desktop\Proyecto PES\Workspace Noise Canceller\lpc_chip_175x_6x\Debug\liblpc_chip_175x_6x.a(adc_17xx_40xx.o)
 .debug_abbrev  0x00000ab9      0x13c C:\Users\Martin\Desktop\Proyecto PES\Workspace Noise Canceller\lpc_chip_175x_6x\Debug\liblpc_chip_175x_6x.a(chip_17xx_40xx.o)
 .debug_abbrev  0x00000bf5      0x2ec C:\Users\Martin\Desktop\Proyecto PES\Workspace Noise Canceller\lpc_chip_175x_6x\Debug\liblpc_chip_175x_6x.a(clock_17xx_40xx.o)
 .debug_abbrev  0x00000ee1      0x10a C:\Users\Martin\Desktop\Proyecto PES\Workspace Noise Canceller\lpc_chip_175x_6x\Debug\liblpc_chip_175x_6x.a(dac_17xx_40xx.o)
 .debug_abbrev  0x00000feb      0x126 C:\Users\Martin\Desktop\Proyecto PES\Workspace Noise Canceller\lpc_chip_175x_6x\Debug\liblpc_chip_175x_6x.a(iocon_17xx_40xx.o)
 .debug_abbrev  0x00001111      0x175 C:\Users\Martin\Desktop\Proyecto PES\Workspace Noise Canceller\lpc_chip_175x_6x\Debug\liblpc_chip_175x_6x.a(sysinit_17xx_40xx.o)
 .debug_abbrev  0x00001286      0x2e8 C:\Users\Martin\Desktop\Proyecto PES\Workspace Noise Canceller\lpc_chip_175x_6x\Debug\liblpc_chip_175x_6x.a(uart_17xx_40xx.o)

.debug_aranges  0x00000000      0x690
 .debug_aranges
                0x00000000       0x70 ./src/Noise_Canceller.o
 .debug_aranges
                0x00000070       0x80 ./src/cr_startup_lpc175x_6x.o
 .debug_aranges
                0x000000f0       0x18 ./src/crp.o
 .debug_aranges
                0x00000108       0x20 ./src/sysinit.o
 .debug_aranges
                0x00000128      0x160 C:\Users\Martin\Desktop\Proyecto PES\Workspace Noise Canceller\lpc_board_nxp_lpcxpresso_1769\Debug\liblpc_board_nxp_lpcxpresso_1769.a(board.o)
 .debug_aranges
                0x00000288       0x38 C:\Users\Martin\Desktop\Proyecto PES\Workspace Noise Canceller\lpc_board_nxp_lpcxpresso_1769\Debug\liblpc_board_nxp_lpcxpresso_1769.a(board_sysinit.o)
 .debug_aranges
                0x000002c0       0x88 C:\Users\Martin\Desktop\Proyecto PES\Workspace Noise Canceller\lpc_chip_175x_6x\Debug\liblpc_chip_175x_6x.a(adc_17xx_40xx.o)
 .debug_aranges
                0x00000348       0x38 C:\Users\Martin\Desktop\Proyecto PES\Workspace Noise Canceller\lpc_chip_175x_6x\Debug\liblpc_chip_175x_6x.a(chip_17xx_40xx.o)
 .debug_aranges
                0x00000380      0x120 C:\Users\Martin\Desktop\Proyecto PES\Workspace Noise Canceller\lpc_chip_175x_6x\Debug\liblpc_chip_175x_6x.a(clock_17xx_40xx.o)
 .debug_aranges
                0x000004a0       0x38 C:\Users\Martin\Desktop\Proyecto PES\Workspace Noise Canceller\lpc_chip_175x_6x\Debug\liblpc_chip_175x_6x.a(dac_17xx_40xx.o)
 .debug_aranges
                0x000004d8       0x30 C:\Users\Martin\Desktop\Proyecto PES\Workspace Noise Canceller\lpc_chip_175x_6x\Debug\liblpc_chip_175x_6x.a(iocon_17xx_40xx.o)
 .debug_aranges
                0x00000508       0x60 C:\Users\Martin\Desktop\Proyecto PES\Workspace Noise Canceller\lpc_chip_175x_6x\Debug\liblpc_chip_175x_6x.a(sysinit_17xx_40xx.o)
 .debug_aranges
                0x00000568      0x128 C:\Users\Martin\Desktop\Proyecto PES\Workspace Noise Canceller\lpc_chip_175x_6x\Debug\liblpc_chip_175x_6x.a(uart_17xx_40xx.o)

.debug_ranges   0x00000000      0x5b8
 .debug_ranges  0x00000000       0x60 ./src/Noise_Canceller.o
 .debug_ranges  0x00000060       0x70 ./src/cr_startup_lpc175x_6x.o
 .debug_ranges  0x000000d0       0x10 ./src/sysinit.o
 .debug_ranges  0x000000e0      0x150 C:\Users\Martin\Desktop\Proyecto PES\Workspace Noise Canceller\lpc_board_nxp_lpcxpresso_1769\Debug\liblpc_board_nxp_lpcxpresso_1769.a(board.o)
 .debug_ranges  0x00000230       0x28 C:\Users\Martin\Desktop\Proyecto PES\Workspace Noise Canceller\lpc_board_nxp_lpcxpresso_1769\Debug\liblpc_board_nxp_lpcxpresso_1769.a(board_sysinit.o)
 .debug_ranges  0x00000258       0x78 C:\Users\Martin\Desktop\Proyecto PES\Workspace Noise Canceller\lpc_chip_175x_6x\Debug\liblpc_chip_175x_6x.a(adc_17xx_40xx.o)
 .debug_ranges  0x000002d0       0x28 C:\Users\Martin\Desktop\Proyecto PES\Workspace Noise Canceller\lpc_chip_175x_6x\Debug\liblpc_chip_175x_6x.a(chip_17xx_40xx.o)
 .debug_ranges  0x000002f8      0x110 C:\Users\Martin\Desktop\Proyecto PES\Workspace Noise Canceller\lpc_chip_175x_6x\Debug\liblpc_chip_175x_6x.a(clock_17xx_40xx.o)
 .debug_ranges  0x00000408       0x28 C:\Users\Martin\Desktop\Proyecto PES\Workspace Noise Canceller\lpc_chip_175x_6x\Debug\liblpc_chip_175x_6x.a(dac_17xx_40xx.o)
 .debug_ranges  0x00000430       0x20 C:\Users\Martin\Desktop\Proyecto PES\Workspace Noise Canceller\lpc_chip_175x_6x\Debug\liblpc_chip_175x_6x.a(iocon_17xx_40xx.o)
 .debug_ranges  0x00000450       0x50 C:\Users\Martin\Desktop\Proyecto PES\Workspace Noise Canceller\lpc_chip_175x_6x\Debug\liblpc_chip_175x_6x.a(sysinit_17xx_40xx.o)
 .debug_ranges  0x000004a0      0x118 C:\Users\Martin\Desktop\Proyecto PES\Workspace Noise Canceller\lpc_chip_175x_6x\Debug\liblpc_chip_175x_6x.a(uart_17xx_40xx.o)

.debug_macro    0x00000000     0x577d
 .debug_macro   0x00000000      0x232 ./src/Noise_Canceller.o
 .debug_macro   0x00000232      0x88c ./src/Noise_Canceller.o
 .debug_macro   0x00000abe       0x10 ./src/Noise_Canceller.o
 .debug_macro   0x00000ace      0x12d ./src/Noise_Canceller.o
 .debug_macro   0x00000bfb      0x5b2 ./src/Noise_Canceller.o
 .debug_macro   0x000011ad       0x22 ./src/Noise_Canceller.o
 .debug_macro   0x000011cf       0x7b ./src/Noise_Canceller.o
 .debug_macro   0x0000124a       0x10 ./src/Noise_Canceller.o
 .debug_macro   0x0000125a       0x2d ./src/Noise_Canceller.o
 .debug_macro   0x00001287       0x3a ./src/Noise_Canceller.o
 .debug_macro   0x000012c1       0x2d ./src/Noise_Canceller.o
 .debug_macro   0x000012ee      0xbb1 ./src/Noise_Canceller.o
 .debug_macro   0x00001e9f      0x22c ./src/Noise_Canceller.o
 .debug_macro   0x000020cb       0x42 ./src/Noise_Canceller.o
 .debug_macro   0x0000210d       0x52 ./src/Noise_Canceller.o
 .debug_macro   0x0000215f       0x78 ./src/Noise_Canceller.o
 .debug_macro   0x000021d7       0x82 ./src/Noise_Canceller.o
 .debug_macro   0x00002259      0x48c ./src/Noise_Canceller.o
 .debug_macro   0x000026e5       0x34 ./src/Noise_Canceller.o
 .debug_macro   0x00002719      0x4c5 ./src/Noise_Canceller.o
 .debug_macro   0x00002bde      0x1b7 ./src/Noise_Canceller.o
 .debug_macro   0x00002d95       0x10 ./src/Noise_Canceller.o
 .debug_macro   0x00002da5      0x21b ./src/Noise_Canceller.o
 .debug_macro   0x00002fc0      0x1b9 ./src/Noise_Canceller.o
 .debug_macro   0x00003179       0x40 ./src/Noise_Canceller.o
 .debug_macro   0x000031b9       0x22 ./src/Noise_Canceller.o
 .debug_macro   0x000031db      0x162 ./src/Noise_Canceller.o
 .debug_macro   0x0000333d       0x94 ./src/Noise_Canceller.o
 .debug_macro   0x000033d1       0xb8 ./src/Noise_Canceller.o
 .debug_macro   0x00003489       0x4c ./src/Noise_Canceller.o
 .debug_macro   0x000034d5       0x16 ./src/Noise_Canceller.o
 .debug_macro   0x000034eb      0x328 ./src/Noise_Canceller.o
 .debug_macro   0x00003813       0x49 ./src/Noise_Canceller.o
 .debug_macro   0x0000385c       0x16 ./src/Noise_Canceller.o
 .debug_macro   0x00003872       0xca ./src/Noise_Canceller.o
 .debug_macro   0x0000393c       0x18 ./src/Noise_Canceller.o
 .debug_macro   0x00003954       0x70 ./src/Noise_Canceller.o
 .debug_macro   0x000039c4       0x9a ./src/Noise_Canceller.o
 .debug_macro   0x00003a5e       0x20 ./src/Noise_Canceller.o
 .debug_macro   0x00003a7e       0x28 ./src/Noise_Canceller.o
 .debug_macro   0x00003aa6       0x82 ./src/Noise_Canceller.o
 .debug_macro   0x00003b28       0x1d ./src/cr_startup_lpc175x_6x.o
 .debug_macro   0x00003b45       0x1a ./src/crp.o
 .debug_macro   0x00003b5f       0x34 ./src/crp.o
 .debug_macro   0x00003b93      0x217 ./src/sysinit.o
 .debug_macro   0x00003daa      0x289 C:\Users\Martin\Desktop\Proyecto PES\Workspace Noise Canceller\lpc_board_nxp_lpcxpresso_1769\Debug\liblpc_board_nxp_lpcxpresso_1769.a(board.o)
 .debug_macro   0x00004033      0x886 C:\Users\Martin\Desktop\Proyecto PES\Workspace Noise Canceller\lpc_board_nxp_lpcxpresso_1769\Debug\liblpc_board_nxp_lpcxpresso_1769.a(board.o)
 .debug_macro   0x000048b9       0x12 C:\Users\Martin\Desktop\Proyecto PES\Workspace Noise Canceller\lpc_board_nxp_lpcxpresso_1769\Debug\liblpc_board_nxp_lpcxpresso_1769.a(board.o)
 .debug_macro   0x000048cb      0x217 C:\Users\Martin\Desktop\Proyecto PES\Workspace Noise Canceller\lpc_board_nxp_lpcxpresso_1769\Debug\liblpc_board_nxp_lpcxpresso_1769.a(board_sysinit.o)
 .debug_macro   0x00004ae2      0x1cd C:\Users\Martin\Desktop\Proyecto PES\Workspace Noise Canceller\lpc_chip_175x_6x\Debug\liblpc_chip_175x_6x.a(adc_17xx_40xx.o)
 .debug_macro   0x00004caf      0x1cd C:\Users\Martin\Desktop\Proyecto PES\Workspace Noise Canceller\lpc_chip_175x_6x\Debug\liblpc_chip_175x_6x.a(chip_17xx_40xx.o)
 .debug_macro   0x00004e7c      0x1cd C:\Users\Martin\Desktop\Proyecto PES\Workspace Noise Canceller\lpc_chip_175x_6x\Debug\liblpc_chip_175x_6x.a(clock_17xx_40xx.o)
 .debug_macro   0x00005049      0x1cd C:\Users\Martin\Desktop\Proyecto PES\Workspace Noise Canceller\lpc_chip_175x_6x\Debug\liblpc_chip_175x_6x.a(dac_17xx_40xx.o)
 .debug_macro   0x00005216      0x1cd C:\Users\Martin\Desktop\Proyecto PES\Workspace Noise Canceller\lpc_chip_175x_6x\Debug\liblpc_chip_175x_6x.a(iocon_17xx_40xx.o)
 .debug_macro   0x000053e3      0x1cd C:\Users\Martin\Desktop\Proyecto PES\Workspace Noise Canceller\lpc_chip_175x_6x\Debug\liblpc_chip_175x_6x.a(sysinit_17xx_40xx.o)
 .debug_macro   0x000055b0      0x1cd C:\Users\Martin\Desktop\Proyecto PES\Workspace Noise Canceller\lpc_chip_175x_6x\Debug\liblpc_chip_175x_6x.a(uart_17xx_40xx.o)

.debug_line     0x00000000     0x3eaa
 .debug_line    0x00000000      0x613 ./src/Noise_Canceller.o
 .debug_line    0x00000613       0xd5 ./src/cr_startup_lpc175x_6x.o
 .debug_line    0x000006e8       0x78 ./src/crp.o
 .debug_line    0x00000760      0x4a3 ./src/sysinit.o
 .debug_line    0x00000c03      0x85e C:\Users\Martin\Desktop\Proyecto PES\Workspace Noise Canceller\lpc_board_nxp_lpcxpresso_1769\Debug\liblpc_board_nxp_lpcxpresso_1769.a(board.o)
 .debug_line    0x00001461      0x4e3 C:\Users\Martin\Desktop\Proyecto PES\Workspace Noise Canceller\lpc_board_nxp_lpcxpresso_1769\Debug\liblpc_board_nxp_lpcxpresso_1769.a(board_sysinit.o)
 .debug_line    0x00001944      0x538 C:\Users\Martin\Desktop\Proyecto PES\Workspace Noise Canceller\lpc_chip_175x_6x\Debug\liblpc_chip_175x_6x.a(adc_17xx_40xx.o)
 .debug_line    0x00001e7c      0x460 C:\Users\Martin\Desktop\Proyecto PES\Workspace Noise Canceller\lpc_chip_175x_6x\Debug\liblpc_chip_175x_6x.a(chip_17xx_40xx.o)
 .debug_line    0x000022dc      0x6dc C:\Users\Martin\Desktop\Proyecto PES\Workspace Noise Canceller\lpc_chip_175x_6x\Debug\liblpc_chip_175x_6x.a(clock_17xx_40xx.o)
 .debug_line    0x000029b8      0x448 C:\Users\Martin\Desktop\Proyecto PES\Workspace Noise Canceller\lpc_chip_175x_6x\Debug\liblpc_chip_175x_6x.a(dac_17xx_40xx.o)
 .debug_line    0x00002e00      0x44c C:\Users\Martin\Desktop\Proyecto PES\Workspace Noise Canceller\lpc_chip_175x_6x\Debug\liblpc_chip_175x_6x.a(iocon_17xx_40xx.o)
 .debug_line    0x0000324c      0x4d6 C:\Users\Martin\Desktop\Proyecto PES\Workspace Noise Canceller\lpc_chip_175x_6x\Debug\liblpc_chip_175x_6x.a(sysinit_17xx_40xx.o)
 .debug_line    0x00003722      0x788 C:\Users\Martin\Desktop\Proyecto PES\Workspace Noise Canceller\lpc_chip_175x_6x\Debug\liblpc_chip_175x_6x.a(uart_17xx_40xx.o)

.debug_str      0x00000000    0x1383f
 .debug_str     0x00000000    0x1167c ./src/Noise_Canceller.o
                              0x1178f (size before relaxing)
 .debug_str     0x0001167c      0x1ff ./src/cr_startup_lpc175x_6x.o
                               0x26a3 (size before relaxing)
 .debug_str     0x0001187b       0xe9 ./src/crp.o
                               0x25bb (size before relaxing)
 .debug_str     0x00011964       0x1b ./src/sysinit.o
                              0x10a6e (size before relaxing)
 .debug_str     0x0001197f      0xd96 C:\Users\Martin\Desktop\Proyecto PES\Workspace Noise Canceller\lpc_board_nxp_lpcxpresso_1769\Debug\liblpc_board_nxp_lpcxpresso_1769.a(board.o)
                              0x11930 (size before relaxing)
 .debug_str     0x00012715      0x22d C:\Users\Martin\Desktop\Proyecto PES\Workspace Noise Canceller\lpc_board_nxp_lpcxpresso_1769\Debug\liblpc_board_nxp_lpcxpresso_1769.a(board_sysinit.o)
                              0x10e6a (size before relaxing)
 .debug_str     0x00012942      0x33c C:\Users\Martin\Desktop\Proyecto PES\Workspace Noise Canceller\lpc_chip_175x_6x\Debug\liblpc_chip_175x_6x.a(adc_17xx_40xx.o)
                              0x10e04 (size before relaxing)
 .debug_str     0x00012c7e       0x83 C:\Users\Martin\Desktop\Proyecto PES\Workspace Noise Canceller\lpc_chip_175x_6x\Debug\liblpc_chip_175x_6x.a(chip_17xx_40xx.o)
                              0x10b61 (size before relaxing)
 .debug_str     0x00012d01      0x5ce C:\Users\Martin\Desktop\Proyecto PES\Workspace Noise Canceller\lpc_chip_175x_6x\Debug\liblpc_chip_175x_6x.a(clock_17xx_40xx.o)
                              0x111cf (size before relaxing)
 .debug_str     0x000132cf       0xb1 C:\Users\Martin\Desktop\Proyecto PES\Workspace Noise Canceller\lpc_chip_175x_6x\Debug\liblpc_chip_175x_6x.a(dac_17xx_40xx.o)
                              0x10623 (size before relaxing)
 .debug_str     0x00013380       0x74 C:\Users\Martin\Desktop\Proyecto PES\Workspace Noise Canceller\lpc_chip_175x_6x\Debug\liblpc_chip_175x_6x.a(iocon_17xx_40xx.o)
                              0x1064c (size before relaxing)
 .debug_str     0x000133f4       0xc4 C:\Users\Martin\Desktop\Proyecto PES\Workspace Noise Canceller\lpc_chip_175x_6x\Debug\liblpc_chip_175x_6x.a(sysinit_17xx_40xx.o)
                              0x10834 (size before relaxing)
 .debug_str     0x000134b8      0x387 C:\Users\Martin\Desktop\Proyecto PES\Workspace Noise Canceller\lpc_chip_175x_6x\Debug\liblpc_chip_175x_6x.a(uart_17xx_40xx.o)
                              0x110a4 (size before relaxing)

.comment        0x00000000       0xdc
 .comment       0x00000000       0x6e ./src/Noise_Canceller.o
                                 0x6f (size before relaxing)
 .comment       0x0000006e       0x6f ./src/cr_startup_lpc175x_6x.o
 .comment       0x0000006e       0x6f ./src/crp.o
 .comment       0x0000006e       0x6f ./src/sysinit.o
 .comment       0x0000006e       0x6f C:\Users\Martin\Desktop\Proyecto PES\Workspace Noise Canceller\lpc_board_nxp_lpcxpresso_1769\Debug\liblpc_board_nxp_lpcxpresso_1769.a(board.o)
 .comment       0x0000006e       0x6f C:\Users\Martin\Desktop\Proyecto PES\Workspace Noise Canceller\lpc_board_nxp_lpcxpresso_1769\Debug\liblpc_board_nxp_lpcxpresso_1769.a(board_sysinit.o)
 .comment       0x0000006e       0x6f C:\Users\Martin\Desktop\Proyecto PES\Workspace Noise Canceller\lpc_chip_175x_6x\Debug\liblpc_chip_175x_6x.a(adc_17xx_40xx.o)
 .comment       0x0000006e       0x6f C:\Users\Martin\Desktop\Proyecto PES\Workspace Noise Canceller\lpc_chip_175x_6x\Debug\liblpc_chip_175x_6x.a(chip_17xx_40xx.o)
 .comment       0x0000006e       0x6f C:\Users\Martin\Desktop\Proyecto PES\Workspace Noise Canceller\lpc_chip_175x_6x\Debug\liblpc_chip_175x_6x.a(clock_17xx_40xx.o)
 .comment       0x0000006e       0x6f C:\Users\Martin\Desktop\Proyecto PES\Workspace Noise Canceller\lpc_chip_175x_6x\Debug\liblpc_chip_175x_6x.a(dac_17xx_40xx.o)
 .comment       0x0000006e       0x6f C:\Users\Martin\Desktop\Proyecto PES\Workspace Noise Canceller\lpc_chip_175x_6x\Debug\liblpc_chip_175x_6x.a(iocon_17xx_40xx.o)
 .comment       0x0000006e       0x6f C:\Users\Martin\Desktop\Proyecto PES\Workspace Noise Canceller\lpc_chip_175x_6x\Debug\liblpc_chip_175x_6x.a(sysinit_17xx_40xx.o)
 .comment       0x0000006e       0x6f C:\Users\Martin\Desktop\Proyecto PES\Workspace Noise Canceller\lpc_chip_175x_6x\Debug\liblpc_chip_175x_6x.a(uart_17xx_40xx.o)
 .comment       0x0000006e       0x6e c:/nxp/lpcxpresso_8.2.2_650/lpcxpresso/tools/bin/../lib/gcc/arm-none-eabi/5.4.1/../../../../arm-none-eabi/lib/armv7-m\libcr_c.a(__weak__main.o)
                                 0x6f (size before relaxing)
 .comment       0x000000dc       0x6f c:/nxp/lpcxpresso_8.2.2_650/lpcxpresso/tools/bin/../lib/gcc/arm-none-eabi/5.4.1/armv7-m\libcr_eabihelpers.a(float.o)

.ARM.attributes
                0x00000000       0x31
 .ARM.attributes
                0x00000000       0x33 ./src/Noise_Canceller.o
 .ARM.attributes
                0x00000033       0x33 ./src/cr_startup_lpc175x_6x.o
 .ARM.attributes
                0x00000066       0x33 ./src/crp.o
 .ARM.attributes
                0x00000099       0x33 ./src/sysinit.o
 .ARM.attributes
                0x000000cc       0x33 C:\Users\Martin\Desktop\Proyecto PES\Workspace Noise Canceller\lpc_board_nxp_lpcxpresso_1769\Debug\liblpc_board_nxp_lpcxpresso_1769.a(board.o)
 .ARM.attributes
                0x000000ff       0x33 C:\Users\Martin\Desktop\Proyecto PES\Workspace Noise Canceller\lpc_board_nxp_lpcxpresso_1769\Debug\liblpc_board_nxp_lpcxpresso_1769.a(board_sysinit.o)
 .ARM.attributes
                0x00000132       0x33 C:\Users\Martin\Desktop\Proyecto PES\Workspace Noise Canceller\lpc_chip_175x_6x\Debug\liblpc_chip_175x_6x.a(adc_17xx_40xx.o)
 .ARM.attributes
                0x00000165       0x33 C:\Users\Martin\Desktop\Proyecto PES\Workspace Noise Canceller\lpc_chip_175x_6x\Debug\liblpc_chip_175x_6x.a(chip_17xx_40xx.o)
 .ARM.attributes
                0x00000198       0x33 C:\Users\Martin\Desktop\Proyecto PES\Workspace Noise Canceller\lpc_chip_175x_6x\Debug\liblpc_chip_175x_6x.a(clock_17xx_40xx.o)
 .ARM.attributes
                0x000001cb       0x33 C:\Users\Martin\Desktop\Proyecto PES\Workspace Noise Canceller\lpc_chip_175x_6x\Debug\liblpc_chip_175x_6x.a(dac_17xx_40xx.o)
 .ARM.attributes
                0x000001fe       0x33 C:\Users\Martin\Desktop\Proyecto PES\Workspace Noise Canceller\lpc_chip_175x_6x\Debug\liblpc_chip_175x_6x.a(iocon_17xx_40xx.o)
 .ARM.attributes
                0x00000231       0x33 C:\Users\Martin\Desktop\Proyecto PES\Workspace Noise Canceller\lpc_chip_175x_6x\Debug\liblpc_chip_175x_6x.a(sysinit_17xx_40xx.o)
 .ARM.attributes
                0x00000264       0x33 C:\Users\Martin\Desktop\Proyecto PES\Workspace Noise Canceller\lpc_chip_175x_6x\Debug\liblpc_chip_175x_6x.a(uart_17xx_40xx.o)
 .ARM.attributes
                0x00000297       0x33 c:/nxp/lpcxpresso_8.2.2_650/lpcxpresso/tools/bin/../lib/gcc/arm-none-eabi/5.4.1/../../../../arm-none-eabi/lib/armv7-m\libcr_c.a(__weak__main.o)
 .ARM.attributes
                0x000002ca       0x33 c:/nxp/lpcxpresso_8.2.2_650/lpcxpresso/tools/bin/../lib/gcc/arm-none-eabi/5.4.1/armv7-m\libcr_eabihelpers.a(float.o)

.debug_frame    0x00000000     0x1850
 .debug_frame   0x00000000      0x18c ./src/Noise_Canceller.o
 .debug_frame   0x0000018c      0x170 ./src/cr_startup_lpc175x_6x.o
 .debug_frame   0x000002fc       0x34 ./src/sysinit.o
 .debug_frame   0x00000330      0x5d4 C:\Users\Martin\Desktop\Proyecto PES\Workspace Noise Canceller\lpc_board_nxp_lpcxpresso_1769\Debug\liblpc_board_nxp_lpcxpresso_1769.a(board.o)
 .debug_frame   0x00000904       0x8c C:\Users\Martin\Desktop\Proyecto PES\Workspace Noise Canceller\lpc_board_nxp_lpcxpresso_1769\Debug\liblpc_board_nxp_lpcxpresso_1769.a(board_sysinit.o)
 .debug_frame   0x00000990      0x218 C:\Users\Martin\Desktop\Proyecto PES\Workspace Noise Canceller\lpc_chip_175x_6x\Debug\liblpc_chip_175x_6x.a(adc_17xx_40xx.o)
 .debug_frame   0x00000ba8       0x88 C:\Users\Martin\Desktop\Proyecto PES\Workspace Noise Canceller\lpc_chip_175x_6x\Debug\liblpc_chip_175x_6x.a(chip_17xx_40xx.o)
 .debug_frame   0x00000c30      0x490 C:\Users\Martin\Desktop\Proyecto PES\Workspace Noise Canceller\lpc_chip_175x_6x\Debug\liblpc_chip_175x_6x.a(clock_17xx_40xx.o)
 .debug_frame   0x000010c0       0xac C:\Users\Martin\Desktop\Proyecto PES\Workspace Noise Canceller\lpc_chip_175x_6x\Debug\liblpc_chip_175x_6x.a(dac_17xx_40xx.o)
 .debug_frame   0x0000116c       0x80 C:\Users\Martin\Desktop\Proyecto PES\Workspace Noise Canceller\lpc_chip_175x_6x\Debug\liblpc_chip_175x_6x.a(iocon_17xx_40xx.o)
 .debug_frame   0x000011ec      0x12c C:\Users\Martin\Desktop\Proyecto PES\Workspace Noise Canceller\lpc_chip_175x_6x\Debug\liblpc_chip_175x_6x.a(sysinit_17xx_40xx.o)
 .debug_frame   0x00001318      0x538 C:\Users\Martin\Desktop\Proyecto PES\Workspace Noise Canceller\lpc_chip_175x_6x\Debug\liblpc_chip_175x_6x.a(uart_17xx_40xx.o)
